 
Species :    1 (Na)
 atom    1 is equivalent to atom(s)
   1
 
Species :    2 (Cl)
 atom    1 is equivalent to atom(s)
   1
