    -624.804896823    
    -623.822126474    
    -623.318047320    
    -623.335661731    
    -622.948030355    
    -623.023998358    
    -623.027552788    
    -623.025208800    
    -623.025352401    
    -623.025342912    
    -623.025342444    
    -623.025342463    
    -623.025342466    
 
