     4 : nkpt
     8 : nstsv

     1   0.000000000       0.000000000       0.000000000     : k-point, vkl
 (state, eigenvalue and occupancy below)
     1  -6.338865588       2.000000000    
     2 -0.7567818532       2.000000000    
     3 -0.3094112536       2.000000000    
     4 -0.1574738306       2.000000000    
     5 -0.1574738279       2.000000000    
     6  0.6206936208E-01   0.000000000    
     7  0.1208286476       0.000000000    
     8  0.1519987798       0.000000000    


     2  0.3333333333       0.000000000       0.000000000     : k-point, vkl
 (state, eigenvalue and occupancy below)
     1  -6.338891393       2.000000000    
     2 -0.6837284060       2.000000000    
     3 -0.3626321195       2.000000000    
     4 -0.2425373502       2.000000000    
     5 -0.2088753402       2.000000000    
     6  0.1495025458       0.000000000    
     7  0.1874499444       0.000000000    
     8  0.2645768823       0.000000000    


     3  0.6666666667       0.000000000       0.000000000     : k-point, vkl
 (state, eigenvalue and occupancy below)
     1  -6.338891393       2.000000000    
     2 -0.6837284060       2.000000000    
     3 -0.3626321195       2.000000000    
     4 -0.2425373502       2.000000000    
     5 -0.2088753402       2.000000000    
     6  0.1495025458       0.000000000    
     7  0.1874499444       0.000000000    
     8  0.2645768823       0.000000000    


     4  0.3333333333      0.3333333333       0.000000000     : k-point, vkl
 (state, eigenvalue and occupancy below)
     1  -6.338883758       2.000000000    
     2 -0.6170361462       2.000000000    
     3 -0.4076981083       2.000000000    
     4 -0.3707393776       2.000000000    
     5 -0.1086889933       2.000000000    
     6  0.5883283400E-01   0.000000000    
     7  0.3381671526       0.000000000    
     8  0.3857640911       0.000000000    

