     4 : nkpt; k-point, vkl, vkc, wkpt, nmat below
     1   0.000000000       0.000000000       0.000000000       0.000000000       0.000000000       0.000000000      0.1111111111         630
     2  0.3333333333       0.000000000       0.000000000      0.4459984935      0.2574973503       0.000000000      0.3333333333         661
     3  0.6666666667       0.000000000       0.000000000      0.8919969871      0.5149947006       0.000000000      0.3333333333         661
     4  0.3333333333      0.3333333333       0.000000000      0.4459984935      0.7724920509       0.000000000      0.2222222222         631
