    -83.7775967414    
    -81.4823823216    
    -80.2922174526    
    -79.0964824983    
    -79.1051904642    
    -79.1090921312    
    -79.1082150329    
    -79.1083393493    
    -79.1083477219    
    -79.1083440902    
    -79.1083444267    
    -79.1083444186    
    -79.1083444185    
    -79.1083444184    

