 Warning(charge):
  Total charge density incorrect for s.c. loop     0
  Calculated :    12.00000711
  Required   :    12.00000000
