     1 : nkpt
    10 : nstsv

     1   0.000000000       0.000000000       0.000000000     : k-point, vkl
 (state, eigenvalue and occupancy below)
     1  -18.61413476       2.000000000    
     2  -9.798527420       2.000000000    
     3 -0.9370036887       2.000000000    
     4 -0.3764571210       2.000000000    
     5 -0.3008271535       2.000000000    
     6 -0.3008271535       2.000000000    
     7 -0.2433067624       2.000000000    
     8  0.8100373787E-01   0.000000000    
     9  0.8100373787E-01   0.000000000    
    10  0.1201134881       0.000000000    

