
Species :    1 (C)
 atom    1 is equivalent to atom(s)
   1

Species :    2 (O)
 atom    1 is equivalent to atom(s)
   1
