
Species :    1 (C), atom :    1

Species :    2 (O), atom :    1
