
+----------------------------+
| Real-space lattice vectors |
+----------------------------+

vector a1 :    7.000000000       0.000000000       0.000000000    
vector a2 :    0.000000000       7.000000000       0.000000000    
vector a3 :    0.000000000       0.000000000       7.000000000    

Stored column-wise as a matrix :
   7.000000000       0.000000000       0.000000000    
   0.000000000       7.000000000       0.000000000    
   0.000000000       0.000000000       7.000000000    

Inverse of matrix :
  0.1428571429       0.000000000       0.000000000    
   0.000000000      0.1428571429       0.000000000    
   0.000000000       0.000000000      0.1428571429    

Unit cell volume :    343.0000000    


+----------------------------------+
| Reciprocal-space lattice vectors |
+----------------------------------+

vector b1 :   0.8975979010       0.000000000       0.000000000    
vector b2 :    0.000000000      0.8975979010       0.000000000    
vector b3 :    0.000000000       0.000000000      0.8975979010    

Stored column-wise as a matrix :
  0.8975979010       0.000000000       0.000000000    
   0.000000000      0.8975979010       0.000000000    
   0.000000000       0.000000000      0.8975979010    

Inverse of matrix :
   1.114084602       0.000000000       0.000000000    
   0.000000000       1.114084602       0.000000000    
   0.000000000       0.000000000       1.114084602    

Brillouin zone volume :   0.7231784648    
