    -115.081727825    
    -113.542213707    
    -113.049315277    
    -112.560440743    
    -112.621748610    
    -112.608901237    
    -112.609157161    
    -112.609284204    
    -112.609269843    
    -112.609272038    
    -112.609271773    
    -112.609271783    
    -112.609271785    
    -112.609271785    

    -112.609271784    

    -112.609214191    

    -112.609429842    

    -112.609429834    

    -112.609429845    

