
Distance between is =    1 (N), ia =    1 and
 is =    1 (N), ia =    1 :    0.000000000    
 is =    2 (B), ia =    1 :    2.711218970    

Distance between is =    2 (B), ia =    1 and
 is =    1 (N), ia =    1 :    2.711218970    
 is =    2 (B), ia =    1 :    0.000000000    
