================================================================================
| EXCITING FLUORINE started                                                    =
| version hash id: 0882ccd3d52c2f187da6d627a6cd83a663f5aa1f                    =
|                                                                              =
| compiler: GNU Fortran (Ubuntu 9.4.0-1ubuntu1~20.04.1) 9.4.0                  =
|                                                                              =
|                                                                              =
| Date (DD-MM-YYYY) : 02-07-2023                                               =
| Time (hh:mm:ss)   : 23:27:28                                                 =
|                                                                              =
| All units are atomic (Hartree, Bohr, etc.)                                   =
================================================================================

********************************************************************************
* Ground-state run starting from atomic densities                              *
********************************************************************************

++++++++++++++++++++++++++++++++++++++++++++++++++++++++++++++++++++++++++++++++
+ Starting initialization                                                      +
++++++++++++++++++++++++++++++++++++++++++++++++++++++++++++++++++++++++++++++++

 Lattice vectors (cartesian) :
      4.6959690061      0.0000000000      0.0000000000
     -2.3479845031      4.0668284547      0.0000000000
      0.0000000000      0.0000000000     20.0000000000

 Reciprocal lattice vectors (cartesian) :
      1.3379954806      0.7724920509     -0.0000000000
      0.0000000000      1.5449841018      0.0000000000
      0.0000000000     -0.0000000000      0.3141592654

 Unit cell volume                           :     381.9540075293
 Brillouin zone volume                      :       0.6494242986

 Species :    1 (N)
     parameters loaded from                 :    N.xml
     name                                   :    nitrogen
     nuclear charge                         :      -7.00000000
     electronic charge                      :       7.00000000
     atomic mass                            :   25532.72506000
     muffin-tin radius                      :       1.30000000
     # of radial points in muffin-tin       :     400

     atomic positions (lattice) :
       1 :   0.00000000  0.00000000  0.00000000

 Species :    2 (B)
     parameters loaded from                 :    B.xml
     name                                   :    boron
     nuclear charge                         :      -5.00000000
     electronic charge                      :       5.00000000
     atomic mass                            :   19707.24741000
     muffin-tin radius                      :       1.30000000
     # of radial points in muffin-tin       :     400

     atomic positions (lattice) :
       1 :   0.66666667  0.33333333  0.00000000

 Total number of atoms per unit cell        :       2

 Spin treatment                             :    spin-unpolarised

 Number of Bravais lattice symmetries       :      24
 Number of crystal symmetries               :      12

 k-point grid                               :       3    3    1
 Total number of k-points                   :       4
 k-point set is reduced with crystal symmetries

 R^MT_min * |G+k|_max (rgkmax)              :       6.00000000
 Species with R^MT_min                      :       1 (N)
 Maximum |G+k| for APW functions            :       4.61538462
 Maximum |G| for potential and density      :      18.00000000

 G-vector grid sizes                        :      27    27   120
 Total number of G-vectors                  :   37741

 Maximum angular momentum used for
     APW functions                          :       8
     computing H and O matrix elements      :       8
     potential and density                  :       8
     inner part of muffin-tin               :       2

 Total nuclear charge                       :     -12.00000000
 Total electronic charge                    :      12.00000000
 Total core charge                          :       2.00000000
 Total valence charge                       :      10.00000000

 Number of empty states                     :       2
 Total number of valence states             :       8

 Maximum Hamiltonian size                   :     661
 Maximum number of plane-waves              :     642
 Total number of local-orbitals             :      19

 Exchange-correlation type                  :       3
     Perdew-Wang, Phys. Rev. B 45, 13244 (1992)

 Smearing scheme                            :    Gaussian
 Smearing width                             :       0.00100000

 Using multisecant Broyden potential mixing

++++++++++++++++++++++++++++++++++++++++++++++++++++++++++++++++++++++++++++++++
+ Ending initialization                                                        +
++++++++++++++++++++++++++++++++++++++++++++++++++++++++++++++++++++++++++++++++

********************************************************************************
* Groundstate module started                                                   *
********************************************************************************
 Output level for this task is set to normal

++++++++++++++++++++++++++++++++++++++++++++++++++++++++++++++++++++++++++++++++
+ Self-consistent loop started                                                 +
++++++++++++++++++++++++++++++++++++++++++++++++++++++++++++++++++++++++++++++++
 Density and potential initialised from atomic data


++++++++++++++++++++++++++++++++++++++++++++++++++++++++++++++++++++++++++++++++
+ SCF iteration number :    1                                                  +
++++++++++++++++++++++++++++++++++++++++++++++++++++++++++++++++++++++++++++++++
 Total energy                               :       -83.77759260
 _______________________________________________________________
 Fermi energy                               :        -0.16588458
 Kinetic energy                             :        75.38910583
 Coulomb energy                             :      -148.54978675
 Exchange energy                            :        -9.80527030
 Correlation energy                         :        -0.81164139

 DOS at Fermi energy (states/Ha/cell)       :         0.00000000

 Electron charges :
     core                                   :         2.00000000
     core leakage                           :         0.00003694
     valence                                :        10.00000000
     interstitial                           :         3.50583923
     charge in muffin-tin spheres :
                  atom     1     N          :         5.54218308
                  atom     2     B          :         2.95197769
     total charge in muffin-tins            :         8.49416077
     total charge                           :        12.00000000

 Estimated fundamental gap                  :         0.24220624
        valence-band maximum at    4      0.3333  0.3333  0.0000
     conduction-band minimum at    4      0.3333  0.3333  0.0000

 Wall time (seconds)                        :         2.23

++++++++++++++++++++++++++++++++++++++++++++++++++++++++++++++++++++++++++++++++
+ SCF iteration number :    2                                                  +
++++++++++++++++++++++++++++++++++++++++++++++++++++++++++++++++++++++++++++++++
 Total energy                               :       -81.48238547
 _______________________________________________________________
 Fermi energy                               :        -0.10347033
 Kinetic energy                             :        76.86945220
 Coulomb energy                             :      -147.86801057
 Exchange energy                            :        -9.67789287
 Correlation energy                         :        -0.80593422

 DOS at Fermi energy (states/Ha/cell)       :         0.00000000

 Electron charges :
     core                                   :         2.00000000
     core leakage                           :         0.00003790
     valence                                :        10.00000000
     interstitial                           :         3.68878719
     charge in muffin-tin spheres :
                  atom     1     N          :         5.28376675
                  atom     2     B          :         3.02744606
     total charge in muffin-tins            :         8.31121281
     total charge                           :        12.00000000

 Estimated fundamental gap                  :         0.19012484
        valence-band maximum at    4      0.3333  0.3333  0.0000
     conduction-band minimum at    4      0.3333  0.3333  0.0000

 Wall time (seconds)                        :         3.72

 RMS change in effective potential (target) :  0.811203E-01  ( 0.100000E-05)
 Absolute change in total energy   (target) :   2.29521      ( 0.100000E-07)
 Charge distance                   (target) :  0.462548E-01  ( 0.100000E-06)

++++++++++++++++++++++++++++++++++++++++++++++++++++++++++++++++++++++++++++++++
+ SCF iteration number :    3                                                  +
++++++++++++++++++++++++++++++++++++++++++++++++++++++++++++++++++++++++++++++++
 Total energy                               :       -80.29221825
 _______________________________________________________________
 Fermi energy                               :        -0.06769551
 Kinetic energy                             :        77.69538245
 Coulomb energy                             :      -147.56257074
 Exchange energy                            :        -9.62173623
 Correlation energy                         :        -0.80329373

 DOS at Fermi energy (states/Ha/cell)       :         0.00000000

 Electron charges :
     core                                   :         2.00000000
     core leakage                           :         0.00003818
     valence                                :        10.00000000
     interstitial                           :         3.77644175
     charge in muffin-tin spheres :
                  atom     1     N          :         5.17525666
                  atom     2     B          :         3.04830160
     total charge in muffin-tins            :         8.22355825
     total charge                           :        12.00000000

 Estimated fundamental gap                  :         0.17130027
        valence-band maximum at    4      0.3333  0.3333  0.0000
     conduction-band minimum at    4      0.3333  0.3333  0.0000

 Wall time (seconds)                        :         5.21

 RMS change in effective potential (target) :  0.414063E-01  ( 0.100000E-05)
 Absolute change in total energy   (target) :   1.19017      ( 0.100000E-07)
 Charge distance                   (target) :  0.198295E-01  ( 0.100000E-06)

++++++++++++++++++++++++++++++++++++++++++++++++++++++++++++++++++++++++++++++++
+ SCF iteration number :    4                                                  +
++++++++++++++++++++++++++++++++++++++++++++++++++++++++++++++++++++++++++++++++
 Total energy                               :       -79.09649137
 _______________________________________________________________
 Fermi energy                               :        -0.02406766
 Kinetic energy                             :        78.68861559
 Coulomb energy                             :      -147.40131835
 Exchange energy                            :        -9.58261654
 Correlation energy                         :        -0.80117206

 DOS at Fermi energy (states/Ha/cell)       :         0.00000000

 Electron charges :
     core                                   :         2.00000000
     core leakage                           :         0.00003776
     valence                                :        10.00000000
     interstitial                           :         3.85193417
     charge in muffin-tin spheres :
                  atom     1     N          :         5.12146399
                  atom     2     B          :         3.02660184
     total charge in muffin-tins            :         8.14806583
     total charge                           :        12.00000000

 Estimated fundamental gap                  :         0.16891662
        valence-band maximum at    4      0.3333  0.3333  0.0000
     conduction-band minimum at    4      0.3333  0.3333  0.0000

 Wall time (seconds)                        :         6.70

 RMS change in effective potential (target) :  0.117690E-02  ( 0.100000E-05)
 Absolute change in total energy   (target) :   1.19573      ( 0.100000E-07)
 Charge distance                   (target) :  0.148952E-01  ( 0.100000E-06)

++++++++++++++++++++++++++++++++++++++++++++++++++++++++++++++++++++++++++++++++
+ SCF iteration number :    5                                                  +
++++++++++++++++++++++++++++++++++++++++++++++++++++++++++++++++++++++++++++++++
 Total energy                               :       -79.10518607
 _______________________________________________________________
 Fermi energy                               :        -0.02478247
 Kinetic energy                             :        78.67682492
 Coulomb energy                             :      -147.39872314
 Exchange energy                            :        -9.58213211
 Correlation energy                         :        -0.80115574

 DOS at Fermi energy (states/Ha/cell)       :         0.00000000

 Electron charges :
     core                                   :         2.00000000
     core leakage                           :         0.00003778
     valence                                :        10.00000000
     interstitial                           :         3.85124443
     charge in muffin-tin spheres :
                  atom     1     N          :         5.11879695
                  atom     2     B          :         3.02995862
     total charge in muffin-tins            :         8.14875557
     total charge                           :        12.00000000

 Estimated fundamental gap                  :         0.16719625
        valence-band maximum at    4      0.3333  0.3333  0.0000
     conduction-band minimum at    4      0.3333  0.3333  0.0000

 Wall time (seconds)                        :         8.10

 RMS change in effective potential (target) :  0.221218E-03  ( 0.100000E-05)
 Absolute change in total energy   (target) :  0.869469E-02  ( 0.100000E-07)
 Charge distance                   (target) :  0.945167E-03  ( 0.100000E-06)

++++++++++++++++++++++++++++++++++++++++++++++++++++++++++++++++++++++++++++++++
+ SCF iteration number :    6                                                  +
++++++++++++++++++++++++++++++++++++++++++++++++++++++++++++++++++++++++++++++++
 Total energy                               :       -79.10909143
 _______________________________________________________________
 Fermi energy                               :        -0.02494563
 Kinetic energy                             :        78.67363216
 Coulomb energy                             :      -147.39917130
 Exchange energy                            :        -9.58238313
 Correlation energy                         :        -0.80116917

 DOS at Fermi energy (states/Ha/cell)       :         0.00000000

 Electron charges :
     core                                   :         2.00000000
     core leakage                           :         0.00003779
     valence                                :        10.00000000
     interstitial                           :         3.85101136
     charge in muffin-tin spheres :
                  atom     1     N          :         5.11967153
                  atom     2     B          :         3.02931711
     total charge in muffin-tins            :         8.14898864
     total charge                           :        12.00000000

 Estimated fundamental gap                  :         0.16755510
        valence-band maximum at    4      0.3333  0.3333  0.0000
     conduction-band minimum at    4      0.3333  0.3333  0.0000

 Wall time (seconds)                        :         9.45

 RMS change in effective potential (target) :  0.512674E-04  ( 0.100000E-05)
 Absolute change in total energy   (target) :  0.390536E-02  ( 0.100000E-07)
 Charge distance                   (target) :  0.219731E-03  ( 0.100000E-06)

++++++++++++++++++++++++++++++++++++++++++++++++++++++++++++++++++++++++++++++++
+ SCF iteration number :    7                                                  +
++++++++++++++++++++++++++++++++++++++++++++++++++++++++++++++++++++++++++++++++
 Total energy                               :       -79.10821509
 _______________________________________________________________
 Fermi energy                               :        -0.02492353
 Kinetic energy                             :        78.67414563
 Coulomb energy                             :      -147.39887469
 Exchange energy                            :        -9.58231984
 Correlation energy                         :        -0.80116618

 DOS at Fermi energy (states/Ha/cell)       :         0.00000000

 Electron charges :
     core                                   :         2.00000000
     core leakage                           :         0.00003779
     valence                                :        10.00000000
     interstitial                           :         3.85111265
     charge in muffin-tin spheres :
                  atom     1     N          :         5.11949592
                  atom     2     B          :         3.02939143
     total charge in muffin-tins            :         8.14888735
     total charge                           :        12.00000000

 Estimated fundamental gap                  :         0.16752259
        valence-band maximum at    4      0.3333  0.3333  0.0000
     conduction-band minimum at    4      0.3333  0.3333  0.0000

 Wall time (seconds)                        :        10.72

 RMS change in effective potential (target) :  0.482330E-05  ( 0.100000E-05)
 Absolute change in total energy   (target) :  0.876336E-03  ( 0.100000E-07)
 Charge distance                   (target) :  0.320911E-04  ( 0.100000E-06)

++++++++++++++++++++++++++++++++++++++++++++++++++++++++++++++++++++++++++++++++
+ SCF iteration number :    8                                                  +
++++++++++++++++++++++++++++++++++++++++++++++++++++++++++++++++++++++++++++++++
 Total energy                               :       -79.10833935
 _______________________________________________________________
 Fermi energy                               :        -0.02492831
 Kinetic energy                             :        78.67402126
 Coulomb energy                             :      -147.39887301
 Exchange energy                            :        -9.58232128
 Correlation energy                         :        -0.80116631

 DOS at Fermi energy (states/Ha/cell)       :         0.00000000

 Electron charges :
     core                                   :         2.00000000
     core leakage                           :         0.00003779
     valence                                :        10.00000000
     interstitial                           :         3.85110797
     charge in muffin-tin spheres :
                  atom     1     N          :         5.11949221
                  atom     2     B          :         3.02939982
     total charge in muffin-tins            :         8.14889203
     total charge                           :        12.00000000

 Estimated fundamental gap                  :         0.16752083
        valence-band maximum at    4      0.3333  0.3333  0.0000
     conduction-band minimum at    4      0.3333  0.3333  0.0000

 Wall time (seconds)                        :        11.94

 RMS change in effective potential (target) :  0.911480E-06  ( 0.100000E-05)
 Absolute change in total energy   (target) :  0.124251E-03  ( 0.100000E-07)
 Charge distance                   (target) :  0.226704E-05  ( 0.100000E-06)

++++++++++++++++++++++++++++++++++++++++++++++++++++++++++++++++++++++++++++++++
+ SCF iteration number :    9                                                  +
++++++++++++++++++++++++++++++++++++++++++++++++++++++++++++++++++++++++++++++++
 Total energy                               :       -79.10834773
 _______________________________________________________________
 Fermi energy                               :        -0.02492815
 Kinetic energy                             :        78.67402254
 Coulomb energy                             :      -147.39888126
 Exchange energy                            :        -9.58232264
 Correlation energy                         :        -0.80116637

 DOS at Fermi energy (states/Ha/cell)       :         0.00000000

 Electron charges :
     core                                   :         2.00000000
     core leakage                           :         0.00003779
     valence                                :        10.00000000
     interstitial                           :         3.85110639
     charge in muffin-tin spheres :
                  atom     1     N          :         5.11949617
                  atom     2     B          :         3.02939744
     total charge in muffin-tins            :         8.14889361
     total charge                           :        12.00000000

 Estimated fundamental gap                  :         0.16752193
        valence-band maximum at    4      0.3333  0.3333  0.0000
     conduction-band minimum at    4      0.3333  0.3333  0.0000

 Wall time (seconds)                        :        13.09

 RMS change in effective potential (target) :  0.141020E-06  ( 0.100000E-05)
 Absolute change in total energy   (target) :  0.838139E-05  ( 0.100000E-07)
 Charge distance                   (target) :  0.796743E-06  ( 0.100000E-06)

++++++++++++++++++++++++++++++++++++++++++++++++++++++++++++++++++++++++++++++++
+ SCF iteration number :   10                                                  +
++++++++++++++++++++++++++++++++++++++++++++++++++++++++++++++++++++++++++++++++
 Total energy                               :       -79.10834409
 _______________________________________________________________
 Fermi energy                               :        -0.02492807
 Kinetic energy                             :        78.67402459
 Coulomb energy                             :      -147.39887992
 Exchange energy                            :        -9.58232240
 Correlation energy                         :        -0.80116636

 DOS at Fermi energy (states/Ha/cell)       :         0.00000000

 Electron charges :
     core                                   :         2.00000000
     core leakage                           :         0.00003779
     valence                                :        10.00000000
     interstitial                           :         3.85110673
     charge in muffin-tin spheres :
                  atom     1     N          :         5.11949564
                  atom     2     B          :         3.02939763
     total charge in muffin-tins            :         8.14889327
     total charge                           :        12.00000000

 Estimated fundamental gap                  :         0.16752182
        valence-band maximum at    4      0.3333  0.3333  0.0000
     conduction-band minimum at    4      0.3333  0.3333  0.0000

 Wall time (seconds)                        :        14.08

 RMS change in effective potential (target) :  0.124205E-07  ( 0.100000E-05)
 Absolute change in total energy   (target) :  0.363325E-05  ( 0.100000E-07)
 Charge distance                   (target) :  0.983870E-07  ( 0.100000E-06)

++++++++++++++++++++++++++++++++++++++++++++++++++++++++++++++++++++++++++++++++
+ SCF iteration number :   11                                                  +
++++++++++++++++++++++++++++++++++++++++++++++++++++++++++++++++++++++++++++++++
 Total energy                               :       -79.10834436
 _______________________________________________________________
 Fermi energy                               :        -0.02492808
 Kinetic energy                             :        78.67402441
 Coulomb energy                             :      -147.39888000
 Exchange energy                            :        -9.58232242
 Correlation energy                         :        -0.80116636

 DOS at Fermi energy (states/Ha/cell)       :         0.00000000

 Electron charges :
     core                                   :         2.00000000
     core leakage                           :         0.00003779
     valence                                :        10.00000000
     interstitial                           :         3.85110671
     charge in muffin-tin spheres :
                  atom     1     N          :         5.11949567
                  atom     2     B          :         3.02939762
     total charge in muffin-tins            :         8.14889329
     total charge                           :        12.00000000

 Estimated fundamental gap                  :         0.16752183
        valence-band maximum at    4      0.3333  0.3333  0.0000
     conduction-band minimum at    4      0.3333  0.3333  0.0000

 Wall time (seconds)                        :        14.92

 RMS change in effective potential (target) :  0.255627E-08  ( 0.100000E-05)
 Absolute change in total energy   (target) :  0.266697E-06  ( 0.100000E-07)
 Charge distance                   (target) :  0.419253E-08  ( 0.100000E-06)

++++++++++++++++++++++++++++++++++++++++++++++++++++++++++++++++++++++++++++++++
+ SCF iteration number :   12                                                  +
++++++++++++++++++++++++++++++++++++++++++++++++++++++++++++++++++++++++++++++++
 Total energy                               :       -79.10834440
 _______________________________________________________________
 Fermi energy                               :        -0.02492808
 Kinetic energy                             :        78.67402439
 Coulomb energy                             :      -147.39888001
 Exchange energy                            :        -9.58232242
 Correlation energy                         :        -0.80116636

 DOS at Fermi energy (states/Ha/cell)       :         0.00000000

 Electron charges :
     core                                   :         2.00000000
     core leakage                           :         0.00003779
     valence                                :        10.00000000
     interstitial                           :         3.85110671
     charge in muffin-tin spheres :
                  atom     1     N          :         5.11949567
                  atom     2     B          :         3.02939762
     total charge in muffin-tins            :         8.14889329
     total charge                           :        12.00000000

 Estimated fundamental gap                  :         0.16752183
        valence-band maximum at    4      0.3333  0.3333  0.0000
     conduction-band minimum at    4      0.3333  0.3333  0.0000

 Wall time (seconds)                        :        15.75

 RMS change in effective potential (target) :  0.862105E-09  ( 0.100000E-05)
 Absolute change in total energy   (target) :  0.406463E-07  ( 0.100000E-07)
 Charge distance                   (target) :  0.956214E-09  ( 0.100000E-06)

++++++++++++++++++++++++++++++++++++++++++++++++++++++++++++++++++++++++++++++++
+ SCF iteration number :   13                                                  +
++++++++++++++++++++++++++++++++++++++++++++++++++++++++++++++++++++++++++++++++
 Total energy                               :       -79.10834441
 _______________________________________________________________
 Fermi energy                               :        -0.02492808
 Kinetic energy                             :        78.67402438
 Coulomb energy                             :      -147.39888001
 Exchange energy                            :        -9.58232242
 Correlation energy                         :        -0.80116636

 DOS at Fermi energy (states/Ha/cell)       :         0.00000000

 Electron charges :
     core                                   :         2.00000000
     core leakage                           :         0.00003779
     valence                                :        10.00000000
     interstitial                           :         3.85110671
     charge in muffin-tin spheres :
                  atom     1     N          :         5.11949567
                  atom     2     B          :         3.02939762
     total charge in muffin-tins            :         8.14889329
     total charge                           :        12.00000000

 Estimated fundamental gap                  :         0.16752183
        valence-band maximum at    4      0.3333  0.3333  0.0000
     conduction-band minimum at    4      0.3333  0.3333  0.0000

 Wall time (seconds)                        :        16.58

 RMS change in effective potential (target) :  0.425551E-09  ( 0.100000E-05)
 Absolute change in total energy   (target) :  0.694470E-08  ( 0.100000E-07)
 Charge distance                   (target) :  0.203604E-09  ( 0.100000E-06)

++++++++++++++++++++++++++++++++++++++++++++++++++++++++++++++++++++++++++++++++
+ SCF iteration number :   14                                                  +
++++++++++++++++++++++++++++++++++++++++++++++++++++++++++++++++++++++++++++++++
 Total energy                               :       -79.10834442
 _______________________________________________________________
 Fermi energy                               :        -0.02492808
 Kinetic energy                             :        78.67402438
 Coulomb energy                             :      -147.39888002
 Exchange energy                            :        -9.58232242
 Correlation energy                         :        -0.80116636

 DOS at Fermi energy (states/Ha/cell)       :         0.00000000

 Electron charges :
     core                                   :         2.00000000
     core leakage                           :         0.00003779
     valence                                :        10.00000000
     interstitial                           :         3.85110671
     charge in muffin-tin spheres :
                  atom     1     N          :         5.11949567
                  atom     2     B          :         3.02939762
     total charge in muffin-tins            :         8.14889329
     total charge                           :        12.00000000

 Estimated fundamental gap                  :         0.16752183
        valence-band maximum at    4      0.3333  0.3333  0.0000
     conduction-band minimum at    4      0.3333  0.3333  0.0000

 Wall time (seconds)                        :        17.41

 RMS change in effective potential (target) :  0.885082E-10  ( 0.100000E-05)
 Absolute change in total energy   (target) :  0.806668E-08  ( 0.100000E-07)
 Charge distance                   (target) :  0.164398E-09  ( 0.100000E-06)
                                                                                
++++++++++++++++++++++++++++++++++++++++++++++++++++++++++++++++++++++++++++++++
| Convergency criteria checked for the last 2 iterations                       +
| Convergence targets achieved. Performing final SCF iteration                 +
++++++++++++++++++++++++++++++++++++++++++++++++++++++++++++++++++++++++++++++++
 Total energy                               :       -79.10834442
 _______________________________________________________________
 Fermi energy                               :        -0.02492808
 Kinetic energy                             :        78.67402438
 Coulomb energy                             :      -147.39888002
 Exchange energy                            :        -9.58232242
 Correlation energy                         :        -0.80116636

 DOS at Fermi energy (states/Ha/cell)       :         0.00000000

 Electron charges :
     core                                   :         2.00000000
     core leakage                           :         0.00003779
     valence                                :        10.00000000
     interstitial                           :         3.85110671
     charge in muffin-tin spheres :
                  atom     1     N          :         5.11949567
                  atom     2     B          :         3.02939762
     total charge in muffin-tins            :         8.14889329
     total charge                           :        12.00000000

 Estimated fundamental gap                  :         0.16752183
        valence-band maximum at    4      0.3333  0.3333  0.0000
     conduction-band minimum at    4      0.3333  0.3333  0.0000

++++++++++++++++++++++++++++++++++++++++++++++++++++++++++++++++++++++++++++++++
+ Self-consistent loop stopped                                                 +
++++++++++++++++++++++++++++++++++++++++++++++++++++++++++++++++++++++++++++++++
 STATE.OUT is written

********************************************************************************
* Groundstate module stopped                                                   *
********************************************************************************

 Total time spent (seconds)                 :        16.38

--------------------------------------------------------------------------------
- CAUTION! Warnings have been written in file WARNING.OUT !                    -
--------------------------------------------------------------------------------
================================================================================
| EXCITING FLUORINE stopped                                                    =
================================================================================
