
+----------------------------+
| Real-space lattice vectors |
+----------------------------+

vector a1 :    4.695969006       0.000000000       0.000000000    
vector a2 :   -2.347984503       4.066828455       0.000000000    
vector a3 :    0.000000000       0.000000000       20.00000000    

Stored column-wise as a matrix :
   4.695969006      -2.347984503       0.000000000    
   0.000000000       4.066828455       0.000000000    
   0.000000000       0.000000000       20.00000000    

Inverse of matrix :
  0.2129485946      0.1229459284      -0.000000000    
   0.000000000      0.2458918568       0.000000000    
   0.000000000      -0.000000000      0.5000000000E-01

Unit cell volume :    381.9540075    


+----------------------------------+
| Reciprocal-space lattice vectors |
+----------------------------------+

vector b1 :    1.337995481      0.7724920509      -0.000000000    
vector b2 :    0.000000000       1.544984102       0.000000000    
vector b3 :    0.000000000      -0.000000000      0.3141592654    

Stored column-wise as a matrix :
   1.337995481       0.000000000       0.000000000    
  0.7724920509       1.544984102      -0.000000000    
  -0.000000000       0.000000000      0.3141592654    

Inverse of matrix :
  0.7473866799       0.000000000      -0.000000000    
 -0.3736933400      0.6472558513       0.000000000    
   0.000000000      -0.000000000       3.183098862    

Brillouin zone volume :   0.6494242986    
