    -83.7775926010    
    -81.4823854688    
    -80.2922182536    
    -79.0964913750    
    -79.1051860686    
    -79.1090914304    
    -79.1082150949    
    -79.1083393456    
    -79.1083477270    
    -79.1083440937    
    -79.1083443604    
    -79.1083444011    
    -79.1083444080    
    -79.1083444161    
    -79.1083444181    

