
Species :    1 (C), atom :    1
 APW functions :
  l =  0, order =  1 :  -0.5000000000    
  l =  0, order =  2 :  -0.5000000000    
  l =  1, order =  1 :  -0.2000000000    
  l =  1, order =  2 :  -0.2000000000    
  l =  2, order =  1 :   0.1500000000    
  l =  2, order =  2 :   0.1500000000    
  l =  3, order =  1 :   0.1500000000    
  l =  3, order =  2 :   0.1500000000    
  l =  4, order =  1 :   0.1500000000    
  l =  4, order =  2 :   0.1500000000    
  l =  5, order =  1 :   0.1500000000    
  l =  5, order =  2 :   0.1500000000    
  l =  6, order =  1 :   0.1500000000    
  l =  6, order =  2 :   0.1500000000    
  l =  7, order =  1 :   0.1500000000    
  l =  7, order =  2 :   0.1500000000    
  l =  8, order =  1 :   0.1500000000    
  l =  8, order =  2 :   0.1500000000    
 local-orbital functions :
  l.o. =  1, l =  0, order =  1 :  -0.5000000000    
  l.o. =  1, l =  0, order =  2 :  -0.5000000000    
  l.o. =  2, l =  0, order =  1 :  -0.5000000000    
  l.o. =  2, l =  0, order =  2 :   -9.900000000    
  l.o. =  3, l =  0, order =  1 :   -9.900000000    
  l.o. =  3, l =  0, order =  2 :   -9.900000000    
  l.o. =  4, l =  0, order =  1 :   -9.900000000    
  l.o. =  4, l =  0, order =  2 :   -9.900000000    
  l.o. =  5, l =  1, order =  1 :  -0.2000000000    
  l.o. =  5, l =  1, order =  2 :  -0.2000000000    
  l.o. =  6, l =  1, order =  1 :  -0.2000000000    
  l.o. =  6, l =  1, order =  2 :  -0.2000000000    

Species :    2 (O), atom :    1
 APW functions :
  l =  0, order =  1 :  -0.8800000000    
  l =  0, order =  2 :  -0.8800000000    
  l =  1, order =  1 :  -0.3000000000    
  l =  1, order =  2 :  -0.3000000000    
  l =  2, order =  1 :   0.1500000000    
  l =  2, order =  2 :   0.1500000000    
  l =  3, order =  1 :   0.1500000000    
  l =  3, order =  2 :   0.1500000000    
  l =  4, order =  1 :   0.1500000000    
  l =  4, order =  2 :   0.1500000000    
  l =  5, order =  1 :   0.1500000000    
  l =  5, order =  2 :   0.1500000000    
  l =  6, order =  1 :   0.1500000000    
  l =  6, order =  2 :   0.1500000000    
  l =  7, order =  1 :   0.1500000000    
  l =  7, order =  2 :   0.1500000000    
  l =  8, order =  1 :   0.1500000000    
  l =  8, order =  2 :   0.1500000000    
 local-orbital functions :
  l.o. =  1, l =  0, order =  1 :  -0.8800000000    
  l.o. =  1, l =  0, order =  2 :  -0.8800000000    
  l.o. =  2, l =  0, order =  1 :  -0.8800000000    
  l.o. =  2, l =  0, order =  2 :   -18.70000000    
  l.o. =  3, l =  0, order =  1 :   -18.70000000    
  l.o. =  3, l =  0, order =  2 :   -18.70000000    
  l.o. =  4, l =  0, order =  1 :   -18.70000000    
  l.o. =  4, l =  0, order =  2 :   -18.70000000    
  l.o. =  5, l =  1, order =  1 :  -0.3000000000    
  l.o. =  5, l =  1, order =  2 :  -0.3000000000    
  l.o. =  6, l =  1, order =  1 :  -0.3000000000    
  l.o. =  6, l =  1, order =  2 :  -0.3000000000    
