 
Distance between is =    1 (B), ia =    1 and
 is =    1 (B), ia =    1 :    0.000000000    
 is =    2 (N), ia =    1 :    2.958065651    
 
Distance between is =    2 (N), ia =    1 and
 is =    1 (B), ia =    1 :    2.958065651    
 is =    2 (N), ia =    1 :    0.000000000    
