    10 : nkpt
    10 : nstsv
 
     1   0.000000000       0.000000000       0.000000000     : k-point, vkl
 (state, eigenvalue and occupancy below)
     1 -0.3919110016       2.000000000    
     2  0.3531350702       2.000000000    
     3  0.3531350702       2.000000000    
     4  0.3531354391       2.000000000    
     5  0.6743546401       0.000000000    
     6  0.6743546401       0.000000000    
     7  0.6743566629       0.000000000    
     8  0.7299121995       0.000000000    
     9   1.252611611       0.000000000    
    10   1.369299481       0.000000000    
 
 
     2  0.2500000000       0.000000000       0.000000000     : k-point, vkl
 (state, eigenvalue and occupancy below)
     1 -0.3372407063       2.000000000    
     2  0.1499436559       2.000000000    
     3  0.3111566329       2.000000000    
     4  0.3111571331       2.000000000    
     5  0.7043195932       0.000000000    
     6  0.7304582562       0.000000000    
     7  0.7304598867       0.000000000    
     8  0.8487177512       0.000000000    
     9   1.202976480       0.000000000    
    10   1.212878391       0.000000000    
 
 
     3  0.5000000000       0.000000000       0.000000000     : k-point, vkl
 (state, eigenvalue and occupancy below)
     1 -0.2350121846       2.000000000    
     2 -0.4374133688E-01   2.000000000    
     3  0.2811197963       2.000000000    
     4  0.2811203362       2.000000000    
     5  0.7231803164       0.000000000    
     6  0.7427661513       0.000000000    
     7  0.7427675714       0.000000000    
     8  0.9080340623       0.000000000    
     9   1.205564350       0.000000000    
    10   1.333644438       0.000000000    
 
 
     4  0.7500000000       0.000000000       0.000000000     : k-point, vkl
 (state, eigenvalue and occupancy below)
     1 -0.3372407063       2.000000000    
     2  0.1499436559       2.000000000    
     3  0.3111566329       2.000000000    
     4  0.3111571331       2.000000000    
     5  0.7043195932       0.000000000    
     6  0.7304582562       0.000000000    
     7  0.7304598867       0.000000000    
     8  0.8487177512       0.000000000    
     9   1.202976480       0.000000000    
    10   1.212878391       0.000000000    
 
 
     5  0.2500000000      0.2500000000       0.000000000     : k-point, vkl
 (state, eigenvalue and occupancy below)
     1 -0.3193185484       2.000000000    
     2  0.2062514920       2.000000000    
     3  0.2412846660       2.000000000    
     4  0.2412850610       2.000000000    
     5  0.5977156354       0.000000000    
     6  0.7725557882       0.000000000    
     7  0.8453799882       0.000000000    
     8  0.8453812292       0.000000000    
     9   1.017337978       0.000000000    
    10   1.345103401       0.000000000    
 
 
     6  0.5000000000      0.2500000000       0.000000000     : k-point, vkl
 (state, eigenvalue and occupancy below)
     1 -0.2189031359       2.000000000    
     2  0.2876903766E-01   2.000000000    
     3  0.1619689378       2.000000000    
     4  0.2174641848       2.000000000    
     5  0.6242938253       0.000000000    
     6  0.8297696680       0.000000000    
     7  0.8824390929       0.000000000    
     8  0.8877838724       0.000000000    
     9   1.080343676       0.000000000    
    10   1.322138898       0.000000000    
 
 
     7  0.7500000000      0.2500000000       0.000000000     : k-point, vkl
 (state, eigenvalue and occupancy below)
     1 -0.2562583677       2.000000000    
     2  0.7235248725E-01   2.000000000    
     3  0.1454940988       2.000000000    
     4  0.2753599870       2.000000000    
     5  0.7052717392       0.000000000    
     6  0.7980209976       0.000000000    
     7  0.8220318648       0.000000000    
     8  0.8852089445       0.000000000    
     9   1.135192020       0.000000000    
    10   1.155530088       0.000000000    
 
 
     8  0.5000000000      0.5000000000       0.000000000     : k-point, vkl
 (state, eigenvalue and occupancy below)
     1 -0.1843409170       2.000000000    
     2  0.2298795817E-01   2.000000000    
     3  0.1712580203       2.000000000    
     4  0.1712584394       2.000000000    
     5  0.5096070171       0.000000000    
     6  0.6862056319       0.000000000    
     7   1.011414167       0.000000000    
     8   1.011415508       0.000000000    
     9   1.113882473       0.000000000    
    10   1.350477245       0.000000000    
 
 
     9  0.7500000000      0.5000000000       0.000000000     : k-point, vkl
 (state, eigenvalue and occupancy below)
     1 -0.2189031359       2.000000000    
     2  0.2876903766E-01   2.000000000    
     3  0.1619689378       2.000000000    
     4  0.2174641848       2.000000000    
     5  0.6242938253       0.000000000    
     6  0.8297696680       0.000000000    
     7  0.8824390929       0.000000000    
     8  0.8877838724       0.000000000    
     9   1.080343676       0.000000000    
    10   1.322138898       0.000000000    
 
 
    10  0.7500000000      0.5000000000      0.2500000000     : k-point, vkl
 (state, eigenvalue and occupancy below)
     1 -0.1724263502       2.000000000    
     2  0.7325762197E-01   2.000000000    
     3  0.9373660438E-01   2.000000000    
     4  0.1106174489       2.000000000    
     5  0.7001833701       0.000000000    
     6  0.8400399443       0.000000000    
     7  0.8790151409       0.000000000    
     8  0.8921986863       0.000000000    
     9   1.060338370       0.000000000    
    10   1.290765428       0.000000000    
 
