 
Species :    1 (B)
 atom    1 is equivalent to atom(s)
   1
 
Species :    2 (N)
 atom    1 is equivalent to atom(s)
   1
