 
Species :    1 (B), atom :    1
 n =  1, l =  0, k =  1 :   -5.949553932    
 
Species :    2 (N), atom :    1
 n =  1, l =  0, k =  1 :   -13.37731814    
