================================================================================
| EXCITING OXYGEN started                                                      =
| version hash id: 28201b0a4885cfba59327da11e5ea9c4ba13aede                    =
|                                                                              =
| compiler: ifort (IFORT) 19.0.0.117 20180804                                  =
|                                                                              =
|                                                                              =
| Date (DD-MM-YYYY) : 21-02-2023                                               =
| Time (hh:mm:ss)   : 16:53:31                                                 =
|                                                                              =
| All units are atomic (Hartree, Bohr, etc.)                                   =
================================================================================
 
********************************************************************************
* Ground-state run starting from atomic densities                              *
********************************************************************************
 
++++++++++++++++++++++++++++++++++++++++++++++++++++++++++++++++++++++++++++++++
+ Starting initialization                                                      +
++++++++++++++++++++++++++++++++++++++++++++++++++++++++++++++++++++++++++++++++
 
 Lattice vectors (cartesian) :
      3.4156800000      0.0000000000      3.4156800000
      0.0000000000      3.4156800000      3.4156800000
      3.4156800000      3.4156800000      0.0000000000
 
 Reciprocal lattice vectors (cartesian) :
      0.9197561404     -0.9197561404      0.9197561404
     -0.9197561404      0.9197561404      0.9197561404
      0.9197561404      0.9197561404     -0.9197561404
 
 Unit cell volume                           :      79.7005881032
 Brillouin zone volume                      :       3.1122758231
 
 Automatic determination of muffin-tin radii :
     index of species with fixed rmt        :       1
 
 Species :    1 (B)
     parameters loaded from                 :    B.xml
     name                                   :    boron
     nuclear charge                         :      -5.00000000
     electronic charge                      :       5.00000000
     atomic mass                            :   19707.24741000
     muffin-tin radius                      :       1.30000000
     # of radial points in muffin-tin       :     250
 
     atomic positions (lattice) :
       1 :   0.00000000  0.00000000  0.00000000
 
 Species :    2 (N)
     parameters loaded from                 :    N.xml
     name                                   :    nitrogen
     nuclear charge                         :      -7.00000000
     electronic charge                      :       7.00000000
     atomic mass                            :   25532.72506000
     muffin-tin radius                      :       1.38522244
     # of radial points in muffin-tin       :     250
 
     atomic positions (lattice) :
       1 :   0.25000000  0.25000000  0.25000000
 
 Total number of atoms per unit cell        :       2
 
 Spin treatment                             :    spin-unpolarised
 
 Number of Bravais lattice symmetries       :      48
 Number of crystal symmetries               :      24
 
 k-point grid                               :       4    4    4
 Total number of k-points                   :      10
 k-point set is reduced with crystal symmetries
 
 R^MT_min * |G+k|_max (rgkmax)              :       6.00709136
 APWprecision                               :       0.67000000
 Species with R^MT_min                      :       1 (B)
 Maximum |G+k| for APW functions            :       4.62083951
 Maximum |G| for potential and density      :      14.00000000
 
 G-vector grid sizes                        :      24    24    24
 Total number of G-vectors                  :    3695
 
 Maximum angular momentum used for
     APW functions                          :       8
     computing H and O matrix elements      :       8
     potential and density                  :       8
     inner part of muffin-tin               :       2
 
 Total nuclear charge                       :     -12.00000000
 Total electronic charge                    :      12.00000000
 Total core charge                          :       4.00000000
 Total valence charge                       :       8.00000000
 
 Number of empty states                     :       5
 Total number of valence states             :      10
 
 Maximum Hamiltonian size                   :     146
 Maximum number of plane-waves              :     138
 Total number of local-orbitals             :       8
 
 Exchange-correlation type                  :      22
     PBEsol, Phys. Rev. Lett. 100, 136406 (2008)
     Generalised gradient approximation (GGA)
 
 Smearing scheme                            :    Gaussian
 Smearing width                             :       0.00100000
 
 Using multisecant Broyden potential mixing
 
++++++++++++++++++++++++++++++++++++++++++++++++++++++++++++++++++++++++++++++++
+ Ending initialization                                                        +
++++++++++++++++++++++++++++++++++++++++++++++++++++++++++++++++++++++++++++++++
 
********************************************************************************
* Groundstate module started                                                   *
********************************************************************************
 Output level for this task is set to normal
 
++++++++++++++++++++++++++++++++++++++++++++++++++++++++++++++++++++++++++++++++
+ Self-consistent loop started                                                 +
++++++++++++++++++++++++++++++++++++++++++++++++++++++++++++++++++++++++++++++++
 Density and potential initialised from atomic data
 
 
++++++++++++++++++++++++++++++++++++++++++++++++++++++++++++++++++++++++++++++++
+ SCF iteration number :    1                                                  +
++++++++++++++++++++++++++++++++++++++++++++++++++++++++++++++++++++++++++++++++
 Total energy                               :       -80.87414485
 _______________________________________________________________
 Fermi energy                               :         0.39242140
 Kinetic energy                             :        78.42364280
 Coulomb energy                             :      -148.46806694
 Exchange energy                            :       -10.33981788
 Correlation energy                         :        -0.48990283
 
 DOS at Fermi energy (states/Ha/cell)       :         0.00000000
 
 Electron charges :
     core                                   :         4.00000000
     core leakage                           :         0.00218774
     valence                                :         8.00000000
     interstitial                           :         3.42389922
     charge in muffin-tin spheres :
                  atom     1     B          :         2.86205311
                  atom     2     N          :         5.71404767
     total charge in muffin-tins            :         8.57610078
     total charge                           :        12.00000000
 
 Estimated fundamental gap                  :         0.21885003
        valence-band maximum at    1      0.0000  0.0000  0.0000
     conduction-band minimum at    8      0.5000  0.5000  0.0000
 
 Wall time (seconds)                        :         1.26
 
++++++++++++++++++++++++++++++++++++++++++++++++++++++++++++++++++++++++++++++++
+ SCF iteration number :    2                                                  +
++++++++++++++++++++++++++++++++++++++++++++++++++++++++++++++++++++++++++++++++
 Total energy                               :       -80.08357576
 _______________________________________________________________
 Fermi energy                               :         0.41174964
 Kinetic energy                             :        78.71794589
 Coulomb energy                             :      -148.04296442
 Exchange energy                            :       -10.26643758
 Correlation energy                         :        -0.49211964
 
 DOS at Fermi energy (states/Ha/cell)       :         0.00000000
 
 Electron charges :
     core                                   :         4.00000000
     core leakage                           :         0.00217740
     valence                                :         8.00000000
     interstitial                           :         3.53545321
     charge in muffin-tin spheres :
                  atom     1     B          :         2.92438096
                  atom     2     N          :         5.54016583
     total charge in muffin-tins            :         8.46454679
     total charge                           :        12.00000000
 
 Estimated fundamental gap                  :         0.18673350
        valence-band maximum at    1      0.0000  0.0000  0.0000
     conduction-band minimum at    8      0.5000  0.5000  0.0000
 
 Wall time (seconds)                        :         2.03
 
 RMS change in effective potential (target) :   2.70832      ( 0.100000E-05)
 Absolute change in total energy   (target) :  0.790569      ( 0.100000E-05)
 Charge distance                   (target) :  0.297561E-01  ( 0.100000E-04)
 
++++++++++++++++++++++++++++++++++++++++++++++++++++++++++++++++++++++++++++++++
+ SCF iteration number :    3                                                  +
++++++++++++++++++++++++++++++++++++++++++++++++++++++++++++++++++++++++++++++++
 Total energy                               :       -79.71155236
 _______________________________________________________________
 Fermi energy                               :         0.42135794
 Kinetic energy                             :        78.85889527
 Coulomb energy                             :      -147.84372308
 Exchange energy                            :       -10.23345367
 Correlation energy                         :        -0.49327087
 
 DOS at Fermi energy (states/Ha/cell)       :         0.00000000
 
 Electron charges :
     core                                   :         4.00000000
     core leakage                           :         0.00217642
     valence                                :         8.00000000
     interstitial                           :         3.58910820
     charge in muffin-tin spheres :
                  atom     1     B          :         2.94903893
                  atom     2     N          :         5.46185287
     total charge in muffin-tins            :         8.41089180
     total charge                           :        12.00000000
 
 Estimated fundamental gap                  :         0.17133480
        valence-band maximum at    1      0.0000  0.0000  0.0000
     conduction-band minimum at    8      0.5000  0.5000  0.0000
 
 Wall time (seconds)                        :         2.80
 
 RMS change in effective potential (target) :   1.97976      ( 0.100000E-05)
 Absolute change in total energy   (target) :  0.372023      ( 0.100000E-05)
 Charge distance                   (target) :  0.134011E-01  ( 0.100000E-04)
 
++++++++++++++++++++++++++++++++++++++++++++++++++++++++++++++++++++++++++++++++
+ SCF iteration number :    4                                                  +
++++++++++++++++++++++++++++++++++++++++++++++++++++++++++++++++++++++++++++++++
 Total energy                               :       -80.40604213
 _______________________________________________________________
 Fermi energy                               :         0.40778740
 Kinetic energy                             :        78.73006164
 Coulomb energy                             :      -148.33108292
 Exchange energy                            :       -10.31359734
 Correlation energy                         :        -0.49142350
 
 DOS at Fermi energy (states/Ha/cell)       :         0.00000000
 
 Electron charges :
     core                                   :         4.00000000
     core leakage                           :         0.00222930
     valence                                :         8.00000000
     interstitial                           :         3.48701473
     charge in muffin-tin spheres :
                  atom     1     B          :         2.82717740
                  atom     2     N          :         5.68580787
     total charge in muffin-tins            :         8.51298527
     total charge                           :        12.00000000
 
 Estimated fundamental gap                  :         0.19937701
        valence-band maximum at    1      0.0000  0.0000  0.0000
     conduction-band minimum at    8      0.5000  0.5000  0.0000
 
 Wall time (seconds)                        :         3.58
 
 RMS change in effective potential (target) :  0.175310      ( 0.100000E-05)
 Absolute change in total energy   (target) :  0.694490      ( 0.100000E-05)
 Charge distance                   (target) :  0.407529E-01  ( 0.100000E-04)
 
++++++++++++++++++++++++++++++++++++++++++++++++++++++++++++++++++++++++++++++++
+ SCF iteration number :    5                                                  +
++++++++++++++++++++++++++++++++++++++++++++++++++++++++++++++++++++++++++++++++
 Total energy                               :       -79.01381860
 _______________________________________________________________
 Fermi energy                               :         0.44004540
 Kinetic energy                             :        79.12155346
 Coulomb energy                             :      -147.46763488
 Exchange energy                            :       -10.17206658
 Correlation energy                         :        -0.49567060
 
 DOS at Fermi energy (states/Ha/cell)       :         0.00000000
 
 Electron charges :
     core                                   :         4.00000000
     core leakage                           :         0.00216904
     valence                                :         8.00000000
     interstitial                           :         3.69608196
     charge in muffin-tin spheres :
                  atom     1     B          :         2.99306355
                  atom     2     N          :         5.31085449
     total charge in muffin-tins            :         8.30391804
     total charge                           :        12.00000000
 
 Estimated fundamental gap                  :         0.14065154
        valence-band maximum at    1      0.0000  0.0000  0.0000
     conduction-band minimum at    8      0.5000  0.5000  0.0000
 
 Wall time (seconds)                        :         4.36
 
 RMS change in effective potential (target) :  0.848407E-01  ( 0.100000E-05)
 Absolute change in total energy   (target) :   1.39222      ( 0.100000E-05)
 Charge distance                   (target) :  0.656775E-01  ( 0.100000E-04)
 
++++++++++++++++++++++++++++++++++++++++++++++++++++++++++++++++++++++++++++++++
+ SCF iteration number :    6                                                  +
++++++++++++++++++++++++++++++++++++++++++++++++++++++++++++++++++++++++++++++++
 Total energy                               :       -79.32110590
 _______________________________________________________________
 Fermi energy                               :         0.43289626
 Kinetic energy                             :        79.05087681
 Coulomb energy                             :      -147.67315112
 Exchange energy                            :       -10.20418403
 Correlation energy                         :        -0.49464757
 
 DOS at Fermi energy (states/Ha/cell)       :         0.00000000
 
 Electron charges :
     core                                   :         4.00000000
     core leakage                           :         0.00218767
     valence                                :         8.00000000
     interstitial                           :         3.64724001
     charge in muffin-tin spheres :
                  atom     1     B          :         2.94796182
                  atom     2     N          :         5.40479817
     total charge in muffin-tins            :         8.35275999
     total charge                           :        12.00000000
 
 Estimated fundamental gap                  :         0.15435079
        valence-band maximum at    1      0.0000  0.0000  0.0000
     conduction-band minimum at    8      0.5000  0.5000  0.0000
 
 Wall time (seconds)                        :         5.13
 
 RMS change in effective potential (target) :  0.868801E-02  ( 0.100000E-05)
 Absolute change in total energy   (target) :  0.307287      ( 0.100000E-05)
 Charge distance                   (target) :  0.167216E-01  ( 0.100000E-04)
 
++++++++++++++++++++++++++++++++++++++++++++++++++++++++++++++++++++++++++++++++
+ SCF iteration number :    7                                                  +
++++++++++++++++++++++++++++++++++++++++++++++++++++++++++++++++++++++++++++++++
 Total energy                               :       -79.38318897
 _______________________________________________________________
 Fermi energy                               :         0.43138949
 Kinetic energy                             :        79.03105217
 Coulomb energy                             :      -147.71020688
 Exchange energy                            :       -10.20956366
 Correlation energy                         :        -0.49447060
 
 DOS at Fermi energy (states/Ha/cell)       :         0.00000000
 
 Electron charges :
     core                                   :         4.00000000
     core leakage                           :         0.00218771
     valence                                :         8.00000000
     interstitial                           :         3.63891648
     charge in muffin-tin spheres :
                  atom     1     B          :         2.94305823
                  atom     2     N          :         5.41802529
     total charge in muffin-tins            :         8.36108352
     total charge                           :        12.00000000
 
 Estimated fundamental gap                  :         0.15650904
        valence-band maximum at    1      0.0000  0.0000  0.0000
     conduction-band minimum at    8      0.5000  0.5000  0.0000
 
 Wall time (seconds)                        :         5.91
 
 RMS change in effective potential (target) :  0.161431E-02  ( 0.100000E-05)
 Absolute change in total energy   (target) :  0.620831E-01  ( 0.100000E-05)
 Charge distance                   (target) :  0.227439E-02  ( 0.100000E-04)
 
++++++++++++++++++++++++++++++++++++++++++++++++++++++++++++++++++++++++++++++++
+ SCF iteration number :    8                                                  +
++++++++++++++++++++++++++++++++++++++++++++++++++++++++++++++++++++++++++++++++
 Total energy                               :       -79.38335031
 _______________________________________________________________
 Fermi energy                               :         0.43136287
 Kinetic energy                             :        79.03097152
 Coulomb energy                             :      -147.71028630
 Exchange energy                            :       -10.20956438
 Correlation energy                         :        -0.49447113
 
 DOS at Fermi energy (states/Ha/cell)       :         0.00000000
 
 Electron charges :
     core                                   :         4.00000000
     core leakage                           :         0.00218784
     valence                                :         8.00000000
     interstitial                           :         3.63890017
     charge in muffin-tin spheres :
                  atom     1     B          :         2.94306657
                  atom     2     N          :         5.41803326
     total charge in muffin-tins            :         8.36109983
     total charge                           :        12.00000000
 
 Estimated fundamental gap                  :         0.15648845
        valence-band maximum at    1      0.0000  0.0000  0.0000
     conduction-band minimum at    8      0.5000  0.5000  0.0000
 
 Wall time (seconds)                        :         6.68
 
 RMS change in effective potential (target) :  0.418479E-03  ( 0.100000E-05)
 Absolute change in total energy   (target) :  0.161339E-03  ( 0.100000E-05)
 Charge distance                   (target) :  0.124988E-04  ( 0.100000E-04)
 
++++++++++++++++++++++++++++++++++++++++++++++++++++++++++++++++++++++++++++++++
+ SCF iteration number :    9                                                  +
++++++++++++++++++++++++++++++++++++++++++++++++++++++++++++++++++++++++++++++++
 Total energy                               :       -79.38266254
 _______________________________________________________________
 Fermi energy                               :         0.43137310
 Kinetic energy                             :        79.03126749
 Coulomb energy                             :      -147.70993096
 Exchange energy                            :       -10.20952637
 Correlation energy                         :        -0.49447270
 
 DOS at Fermi energy (states/Ha/cell)       :         0.00000000
 
 Electron charges :
     core                                   :         4.00000000
     core leakage                           :         0.00218794
     valence                                :         8.00000000
     interstitial                           :         3.63896042
     charge in muffin-tin spheres :
                  atom     1     B          :         2.94304517
                  atom     2     N          :         5.41799441
     total charge in muffin-tins            :         8.36103958
     total charge                           :        12.00000000
 
 Estimated fundamental gap                  :         0.15647299
        valence-band maximum at    1      0.0000  0.0000  0.0000
     conduction-band minimum at    8      0.5000  0.5000  0.0000
 
 Wall time (seconds)                        :         7.47
 
 RMS change in effective potential (target) :  0.552737E-04  ( 0.100000E-05)
 Absolute change in total energy   (target) :  0.687768E-03  ( 0.100000E-05)
 Charge distance                   (target) :  0.114201E-04  ( 0.100000E-04)
 
++++++++++++++++++++++++++++++++++++++++++++++++++++++++++++++++++++++++++++++++
+ SCF iteration number :   10                                                  +
++++++++++++++++++++++++++++++++++++++++++++++++++++++++++++++++++++++++++++++++
 Total energy                               :       -79.38274619
 _______________________________________________________________
 Fermi energy                               :         0.43137112
 Kinetic energy                             :        79.03121396
 Coulomb energy                             :      -147.70996197
 Exchange energy                            :       -10.20952550
 Correlation energy                         :        -0.49447268
 
 DOS at Fermi energy (states/Ha/cell)       :         0.00000000
 
 Electron charges :
     core                                   :         4.00000000
     core leakage                           :         0.00218791
     valence                                :         8.00000000
     interstitial                           :         3.63896007
     charge in muffin-tin spheres :
                  atom     1     B          :         2.94306502
                  atom     2     N          :         5.41797491
     total charge in muffin-tins            :         8.36103993
     total charge                           :        12.00000000
 
 Estimated fundamental gap                  :         0.15647104
        valence-band maximum at    1      0.0000  0.0000  0.0000
     conduction-band minimum at    8      0.5000  0.5000  0.0000
 
 Wall time (seconds)                        :         8.26
 
 RMS change in effective potential (target) :  0.126706E-04  ( 0.100000E-05)
 Absolute change in total energy   (target) :  0.836507E-04  ( 0.100000E-05)
 Charge distance                   (target) :  0.513198E-05  ( 0.100000E-04)
 
++++++++++++++++++++++++++++++++++++++++++++++++++++++++++++++++++++++++++++++++
+ SCF iteration number :   11                                                  +
++++++++++++++++++++++++++++++++++++++++++++++++++++++++++++++++++++++++++++++++
 Total energy                               :       -79.38274436
 _______________________________________________________________
 Fermi energy                               :         0.43137118
 Kinetic energy                             :        79.03121900
 Coulomb energy                             :      -147.70996412
 Exchange energy                            :       -10.20952660
 Correlation energy                         :        -0.49447265
 
 DOS at Fermi energy (states/Ha/cell)       :         0.00000000
 
 Electron charges :
     core                                   :         4.00000000
     core leakage                           :         0.00218792
     valence                                :         8.00000000
     interstitial                           :         3.63895867
     charge in muffin-tin spheres :
                  atom     1     B          :         2.94306103
                  atom     2     N          :         5.41798030
     total charge in muffin-tins            :         8.36104133
     total charge                           :        12.00000000
 
 Estimated fundamental gap                  :         0.15647167
        valence-band maximum at    1      0.0000  0.0000  0.0000
     conduction-band minimum at    8      0.5000  0.5000  0.0000
 
 Wall time (seconds)                        :         9.04
 
 RMS change in effective potential (target) :  0.604293E-06  ( 0.100000E-05)
 Absolute change in total energy   (target) :  0.182657E-05  ( 0.100000E-05)
 Charge distance                   (target) :  0.113232E-05  ( 0.100000E-04)
 
++++++++++++++++++++++++++++++++++++++++++++++++++++++++++++++++++++++++++++++++
+ SCF iteration number :   12                                                  +
++++++++++++++++++++++++++++++++++++++++++++++++++++++++++++++++++++++++++++++++
 Total energy                               :       -79.38274180
 _______________________________________________________________
 Fermi energy                               :         0.43137124
 Kinetic energy                             :        79.03121962
 Coulomb energy                             :      -147.70996243
 Exchange energy                            :       -10.20952633
 Correlation energy                         :        -0.49447266
 
 DOS at Fermi energy (states/Ha/cell)       :         0.00000000
 
 Electron charges :
     core                                   :         4.00000000
     core leakage                           :         0.00218792
     valence                                :         8.00000000
     interstitial                           :         3.63895907
     charge in muffin-tin spheres :
                  atom     1     B          :         2.94306139
                  atom     2     N          :         5.41797954
     total charge in muffin-tins            :         8.36104093
     total charge                           :        12.00000000
 
 Estimated fundamental gap                  :         0.15647156
        valence-band maximum at    1      0.0000  0.0000  0.0000
     conduction-band minimum at    8      0.5000  0.5000  0.0000
 
 Wall time (seconds)                        :         9.82
 
 RMS change in effective potential (target) :  0.537834E-07  ( 0.100000E-05)
 Absolute change in total energy   (target) :  0.256476E-05  ( 0.100000E-05)
 Charge distance                   (target) :  0.134500E-06  ( 0.100000E-04)
 
++++++++++++++++++++++++++++++++++++++++++++++++++++++++++++++++++++++++++++++++
+ SCF iteration number :   13                                                  +
++++++++++++++++++++++++++++++++++++++++++++++++++++++++++++++++++++++++++++++++
 Total energy                               :       -79.38274204
 _______________________________________________________________
 Fermi energy                               :         0.43137123
 Kinetic energy                             :        79.03121956
 Coulomb energy                             :      -147.70996259
 Exchange energy                            :       -10.20952635
 Correlation energy                         :        -0.49447266
 
 DOS at Fermi energy (states/Ha/cell)       :         0.00000000
 
 Electron charges :
     core                                   :         4.00000000
     core leakage                           :         0.00218792
     valence                                :         8.00000000
     interstitial                           :         3.63895903
     charge in muffin-tin spheres :
                  atom     1     B          :         2.94306136
                  atom     2     N          :         5.41797961
     total charge in muffin-tins            :         8.36104097
     total charge                           :        12.00000000
 
 Estimated fundamental gap                  :         0.15647158
        valence-band maximum at    1      0.0000  0.0000  0.0000
     conduction-band minimum at    8      0.5000  0.5000  0.0000
 
 Wall time (seconds)                        :        10.60
 
 RMS change in effective potential (target) :  0.300269E-07  ( 0.100000E-05)
 Absolute change in total energy   (target) :  0.239091E-06  ( 0.100000E-05)
 Charge distance                   (target) :  0.126632E-07  ( 0.100000E-04)
 
++++++++++++++++++++++++++++++++++++++++++++++++++++++++++++++++++++++++++++++++
+ SCF iteration number :   14                                                  +
++++++++++++++++++++++++++++++++++++++++++++++++++++++++++++++++++++++++++++++++
 Total energy                               :       -79.38274204
 _______________________________________________________________
 Fermi energy                               :         0.43137123
 Kinetic energy                             :        79.03121956
 Coulomb energy                             :      -147.70996259
 Exchange energy                            :       -10.20952635
 Correlation energy                         :        -0.49447266
 
 DOS at Fermi energy (states/Ha/cell)       :         0.00000000
 
 Electron charges :
     core                                   :         4.00000000
     core leakage                           :         0.00218792
     valence                                :         8.00000000
     interstitial                           :         3.63895903
     charge in muffin-tin spheres :
                  atom     1     B          :         2.94306136
                  atom     2     N          :         5.41797961
     total charge in muffin-tins            :         8.36104097
     total charge                           :        12.00000000
 
 Estimated fundamental gap                  :         0.15647158
        valence-band maximum at    1      0.0000  0.0000  0.0000
     conduction-band minimum at    8      0.5000  0.5000  0.0000
 
 Wall time (seconds)                        :        11.39
 
 RMS change in effective potential (target) :  0.350327E-07  ( 0.100000E-05)
 Absolute change in total energy   (target) :  0.425025E-08  ( 0.100000E-05)
 Charge distance                   (target) :  0.740344E-10  ( 0.100000E-04)
                                                                                
++++++++++++++++++++++++++++++++++++++++++++++++++++++++++++++++++++++++++++++++
| Convergency criteria checked for the last 2 iterations                       +
| Convergence targets achieved. Performing final SCF iteration                 +
++++++++++++++++++++++++++++++++++++++++++++++++++++++++++++++++++++++++++++++++
 Total energy                               :       -79.38274211
 _______________________________________________________________
 Fermi energy                               :         0.43137123
 Kinetic energy                             :        79.03121955
 Coulomb energy                             :      -147.70996264
 Exchange energy                            :       -10.20952636
 Correlation energy                         :        -0.49447266
 
 DOS at Fermi energy (states/Ha/cell)       :         0.00000000
 
 Electron charges :
     core                                   :         4.00000000
     core leakage                           :         0.00218792
     valence                                :         8.00000000
     interstitial                           :         3.63895902
     charge in muffin-tin spheres :
                  atom     1     B          :         2.94306135
                  atom     2     N          :         5.41797963
     total charge in muffin-tins            :         8.36104098
     total charge                           :        12.00000000
 
 Estimated fundamental gap                  :         0.15647158
        valence-band maximum at    1      0.0000  0.0000  0.0000
     conduction-band minimum at    8      0.5000  0.5000  0.0000
 
++++++++++++++++++++++++++++++++++++++++++++++++++++++++++++++++++++++++++++++++
+ Self-consistent loop stopped                                                 +
++++++++++++++++++++++++++++++++++++++++++++++++++++++++++++++++++++++++++++++++
 STATE.OUT is written
 
********************************************************************************
* Groundstate module stopped                                                   *
********************************************************************************
 
 Total time spent (seconds)                 :        10.31
================================================================================
| EXCITING OXYGEN stopped                                                      =
================================================================================
