 
+----------------------------+
| Real-space lattice vectors |
+----------------------------+
 
vector a1 :    3.415680000       0.000000000       3.415680000    
vector a2 :    0.000000000       3.415680000       3.415680000    
vector a3 :    3.415680000       3.415680000       0.000000000    
 
Stored column-wise as a matrix :
   3.415680000       0.000000000       3.415680000    
   0.000000000       3.415680000       3.415680000    
   3.415680000       3.415680000       0.000000000    
 
Inverse of matrix :
  0.1463837362     -0.1463837362      0.1463837362    
 -0.1463837362      0.1463837362      0.1463837362    
  0.1463837362      0.1463837362     -0.1463837362    
 
Unit cell volume :    79.70058810    
 
 
+----------------------------------+
| Reciprocal-space lattice vectors |
+----------------------------------+
 
vector b1 :   0.9197561404     -0.9197561404      0.9197561404    
vector b2 :  -0.9197561404      0.9197561404      0.9197561404    
vector b3 :   0.9197561404      0.9197561404     -0.9197561404    
 
Stored column-wise as a matrix :
  0.9197561404     -0.9197561404      0.9197561404    
 -0.9197561404      0.9197561404      0.9197561404    
  0.9197561404      0.9197561404     -0.9197561404    
 
Inverse of matrix :
  0.5436223560       0.000000000      0.5436223560    
   0.000000000      0.5436223560      0.5436223560    
  0.5436223560      0.5436223560       0.000000000    
 
Brillouin zone volume :    3.112275823    
