    -80.8741448542    
    -80.0835757552    
    -79.7115523579    
    -80.4060421270    
    -79.0138185999    
    -79.3211059030    
    -79.3831889686    
    -79.3833503076    
    -79.3826625395    
    -79.3827461902    
    -79.3827443636    
    -79.3827417988    
    -79.3827420379    
    -79.3827420422    
    -79.3827421101    
 
