     3 : nkpt
    10 : nstsv
 
     1   0.000000000       0.000000000       0.000000000     : k-point, vkl
 (state, eigenvalue and occupancy below)
     1 -0.2914644543       2.000000000    
     2  0.1846045905       2.000000000    
     3  0.1846046201       2.000000000    
     4  0.1846046225       2.000000000    
     5  0.3130253178       0.000000000    
     6  0.3130253223       0.000000000    
     7  0.3130253229       0.000000000    
     8  0.3536663488       0.000000000    
     9  0.5097586382       0.000000000    
    10  0.5097586390       0.000000000    
 
 
     2   0.000000000       0.000000000      0.5000000000     : k-point, vkl
 (state, eigenvalue and occupancy below)
     1 -0.1980704039       2.000000000    
     2 -0.8707395396E-01   2.000000000    
     3  0.1380572006       2.000000000    
     4  0.1380572230       2.000000000    
     5  0.2767196853       0.000000000    
     6  0.3425769880       0.000000000    
     7  0.3425769911       0.000000000    
     8  0.5083502105       0.000000000    
     9  0.6217184039       0.000000000    
    10  0.6217184468       0.000000000    
 
 
     3   0.000000000      0.5000000000      0.5000000000     : k-point, vkl
 (state, eigenvalue and occupancy below)
     1 -0.1237457687       2.000000000    
     2 -0.1237457501       2.000000000    
     3  0.7367702107E-01   2.000000000    
     4  0.7367703527E-01   2.000000000    
     5  0.2414592399       0.000000000    
     6  0.2414592969       0.000000000    
     7  0.6094309517       0.000000000    
     8  0.6094309606       0.000000000    
     9  0.6394032876       0.000000000    
    10  0.6394033149       0.000000000    
 
