 
Species :    1 (Si), atom :    1
 n =  1, l =  0, k =  1 :   -65.19297548    
 n =  2, l =  0, k =  1 :   -4.702988437    
 n =  2, l =  1, k =  1 :   -3.102923507    
 n =  2, l =  1, k =  2 :   -3.079192814    
 
Species :    1 (Si), atom :    2
 n =  1, l =  0, k =  1 :   -65.19297548    
 n =  2, l =  0, k =  1 :   -4.702988437    
 n =  2, l =  1, k =  1 :   -3.102923507    
 n =  2, l =  1, k =  2 :   -3.079192814    
