     3 : nkpt; k-point, vkl, vkc, wkpt, nmat below
     1   0.000000000       0.000000000       0.000000000       0.000000000       0.000000000       0.000000000      0.1250000000         121
     2   0.000000000       0.000000000      0.5000000000     -0.3061981144      0.3061981144      0.3061981144      0.5000000000         116
     3   0.000000000      0.5000000000      0.5000000000       0.000000000       0.000000000      0.6123962288      0.3750000000         116
