    -579.976794452    
 
    -570.688772162    
 
    -570.683489799    
 
    -570.683061812    
 
    -570.683021269    
 
