     4 : nkpt
     8 : nstsv

     1   0.000000000       0.000000000       0.000000000     : k-point, vkl
 (state, eigenvalue and occupancy below)
     1  -6.338865588       2.000000000    
     2 -0.7567818548       2.000000000    
     3 -0.3094112547       2.000000000    
     4 -0.1574738327       2.000000000    
     5 -0.1574738300       2.000000000    
     6  0.6206936248E-01   0.000000000    
     7  0.1208286481       0.000000000    
     8  0.1519987803       0.000000000    


     2  0.3333333333       0.000000000       0.000000000     : k-point, vkl
 (state, eigenvalue and occupancy below)
     1  -6.338891393       2.000000000    
     2 -0.6837284078       2.000000000    
     3 -0.3626321211       2.000000000    
     4 -0.2425373520       2.000000000    
     5 -0.2088753416       2.000000000    
     6  0.1495025449       0.000000000    
     7  0.1874499447       0.000000000    
     8  0.2645768831       0.000000000    


     3  0.6666666667       0.000000000       0.000000000     : k-point, vkl
 (state, eigenvalue and occupancy below)
     1  -6.338891393       2.000000000    
     2 -0.6837284078       2.000000000    
     3 -0.3626321211       2.000000000    
     4 -0.2425373520       2.000000000    
     5 -0.2088753416       2.000000000    
     6  0.1495025449       0.000000000    
     7  0.1874499447       0.000000000    
     8  0.2645768831       0.000000000    


     4  0.3333333333      0.3333333333       0.000000000     : k-point, vkl
 (state, eigenvalue and occupancy below)
     1  -6.338883758       2.000000000    
     2 -0.6170361483       2.000000000    
     3 -0.4076981097       2.000000000    
     4 -0.3707393790       2.000000000    
     5 -0.1086889954       2.000000000    
     6  0.5883283394E-01   0.000000000    
     7  0.3381671525       0.000000000    
     8  0.3857640904       0.000000000    

