
Species :    1 (N), atom :    1
 n =  1, l =  0, k =  1 :   -13.74137325    

Species :    2 (B), atom :    1
