
Distance between is =    1 (C), ia =    1 and
 is =    1 (C), ia =    1 :    0.000000000    
 is =    2 (O), ia =    1 :    2.131988860    

Distance between is =    2 (O), ia =    1 and
 is =    1 (C), ia =    1 :    2.131988860    
 is =    2 (O), ia =    1 :    0.000000000    
