 Warning(charge):
  Total charge density incorrect for s.c. loop     0
  Calculated :    14.00000987
  Required   :    14.00000000
