 
Species :    1 (Ga), atom :    1
 n =  1, l =  0, k =  1 :   -375.4585960    
 n =  2, l =  0, k =  1 :   -45.98297951    
 n =  2, l =  1, k =  1 :   -40.66003496    
 n =  2, l =  1, k =  2 :   -39.64371718    
 n =  3, l =  0, k =  1 :   -5.086464445    
 n =  3, l =  1, k =  1 :   -3.367684258    
 n =  3, l =  1, k =  2 :   -3.235294982    
 
Species :    2 (As), atom :    1
 n =  1, l =  0, k =  1 :   -430.0133687    
 n =  2, l =  0, k =  1 :   -54.08247732    
 n =  2, l =  1, k =  1 :   -48.25974759    
 n =  2, l =  1, k =  2 :   -46.91622486    
 n =  3, l =  0, k =  1 :   -6.481349248    
 n =  3, l =  1, k =  1 :   -4.526332795    
 n =  3, l =  1, k =  2 :   -4.342362617    
