     1 : nkpt; k-point, vkl, vkc, wkpt, nmat below
     1   0.000000000       0.000000000       0.000000000       0.000000000       0.000000000       0.000000000       1.000000000          97
