 
+----------------------------+
| Real-space lattice vectors |
+----------------------------+
 
vector a1 :    0.000000000       5.336586500       5.336586500    
vector a2 :    5.336586500       0.000000000       5.336586500    
vector a3 :    5.336586500       5.336586500       0.000000000    
 
Stored column-wise as a matrix :
   0.000000000       5.336586500       5.336586500    
   5.336586500       0.000000000       5.336586500    
   5.336586500       5.336586500       0.000000000    
 
Inverse of matrix :
 -0.9369285029E-01  0.9369285029E-01  0.9369285029E-01
  0.9369285029E-01 -0.9369285029E-01  0.9369285029E-01
  0.9369285029E-01  0.9369285029E-01 -0.9369285029E-01
 
Unit cell volume :    303.9629532    
 
 
+----------------------------------+
| Reciprocal-space lattice vectors |
+----------------------------------+
 
vector b1 :  -0.5886895403      0.5886895403      0.5886895403    
vector b2 :   0.5886895403     -0.5886895403      0.5886895403    
vector b3 :   0.5886895403      0.5886895403     -0.5886895403    
 
Stored column-wise as a matrix :
 -0.5886895403      0.5886895403      0.5886895403    
  0.5886895403     -0.5886895403      0.5886895403    
  0.5886895403      0.5886895403     -0.5886895403    
 
Inverse of matrix :
   0.000000000      0.8493441207      0.8493441207    
  0.8493441207       0.000000000      0.8493441207    
  0.8493441207      0.8493441207       0.000000000    
 
Brillouin zone volume :   0.8160540974    
