  0.6979295224E-27 -0.2266426903E-26  0.2279309075E-27
  0.7624458368E-27 -0.4801678675E-26 -0.2699267046E-26
  0.2281013652E-25  0.4592237994E-25  0.9993508947E-26
  0.3275017772E-27  0.1526608245E-26 -0.9143165020E-27
  0.5141275135E-27  0.3040898947E-27 -0.8290595180E-27
  0.1176928185E-26 -0.3564933568E-27  0.6982771937E-27
 -0.1467959045E-26 -0.8304546787E-26  0.4241207478E-26
  0.3142206456E-26 -0.2797401982E-26  0.3823555724E-26
  0.1252624129E-26  0.1925968646E-26 -0.2431605690E-26
  0.2451518078E-26 -0.3000138978E-28 -0.1268465034E-26
 -0.2450061959E-26  0.1472971243E-26  0.5253764330E-26
 -0.5386439876E-26  0.3476756165E-26 -0.2606777794E-26
  0.3676631970E-26  0.1565583595E-26  0.2575805003E-26
 -0.2506197073E-26  0.3610623590E-26 -0.3529561286E-26
  0.6078294898E-27 -0.8770444523E-29  0.2248719325E-26
 -0.6567294022E-27  0.2197773506E-26 -0.2363285521E-27
 
