  0.3675551349E-01
  0.2075523410E-01
  0.1139941980E-01
  0.4137475768E-02
  0.2262885062E-02
  0.2854591495E-03
  0.4576808309E-04
  0.5042335457E-05
  0.7109242156E-06
  0.9219765223E-07
  0.1996450482E-07
  0.8452379855E-09
  0.1293566000E-09
  0.2314612367E-10
 
