    -4215.89904943    
    -4209.02415295    
    -4205.97605625    
    -4205.68983731    
    -4204.24030202    
    -4203.80095786    
    -4204.23725155    
    -4204.28718638    
    -4204.27533614    
    -4204.27595829    
    -4204.27606725    
    -4204.27607800    
    -4204.27607269    
    -4204.27607280    
    -4204.27607283    
    -4204.27607283    
 
