  0.2862960749E-26 -0.2698917684E-26 -0.1105334856E-26
 -0.9728745173E-26  0.2012414756E-25 -0.4412406611E-26
  0.1832762162E-26  0.5799530978E-26  0.6184716729E-26
  0.1629348447E-27 -0.2702732908E-27 -0.2817052489E-27
 -0.1212189568E-26  0.2831157122E-26 -0.2635516936E-26
 -0.4562646840E-26 -0.2654830473E-26 -0.4182556918E-26
 -0.6378498120E-26 -0.1040489209E-25 -0.2700766448E-26
  0.1215201964E-26 -0.8560565247E-27  0.2443096335E-26
 -0.4529921967E-26 -0.1766796117E-26 -0.4880287500E-26
 -0.2970679844E-26 -0.2221441103E-26  0.2898919347E-26
 -0.3904578499E-26 -0.5127244242E-28  0.5173434278E-27
 -0.6302761783E-26 -0.6309527794E-27 -0.1006302372E-26
 -0.8448186228E-28  0.3154132987E-26 -0.2618803904E-26
  0.1220690433E-26  0.4602111570E-26 -0.1471561802E-27
 -0.2555897639E-26 -0.8273335729E-27 -0.1363178343E-26
  0.3536925954E-26 -0.2122543515E-25 -0.2786354413E-26
 
