  0.3675551340E-01
  0.2075523411E-01
  0.1139941286E-01
  0.4137471616E-02
  0.2262882580E-02
  0.2854588777E-03
  0.4576804523E-04
  0.5042327849E-05
  0.7109219148E-06
  0.9219665158E-07
  0.1996257673E-07
  0.8452486455E-09
  0.1293403249E-09
  0.2017487695E-10
 
