    -4215.89904944    
    -4209.02415301    
    -4205.97605625    
    -4205.68983845    
    -4204.24030021    
    -4203.80095886    
    -4204.23725161    
    -4204.28718638    
    -4204.27533614    
    -4204.27595829    
    -4204.27606726    
    -4204.27607800    
    -4204.27607269    
    -4204.27607280    
    -4204.27607283    
    -4204.27607283    
 
