================================================================================
| EXCITING OXYGEN started for task xsgeneigvec (301)                           =
| version hash id: 883234d36aafe382e83c22d2c4f4b93bd648bdf6                    =
|                                                                              =
| Date (DD-MM-YYYY) : 05-04-2023                                               =
================================================================================
================================================================================
One-shot GS runs for BSE calculations
================================================================================
++++++++++++++++++++++++++++++++++++++++++++++++++++++++++++++++++++++++++++++++
One-shot GS runs for k+qmt/2 grids
++++++++++++++++++++++++++++++++++++++++++++++++++++++++++++++++++++++++++++++++
Info(xsgeneigvec): Generating eigenvectors for Q-point      1
--------------------------------------------------------------------------------
Info(xsgeneigvec): Generation of eigenvectors finished

Info(xsfinit): task Nr.     301 stopped gracefully

 Timings: 
     Date (DD-MM-YYYY)      : 05-04-2023
     Time (hh:mm:ss)        : 19:04:45
     CPU time               : 7.39 sec; 0.00 hrs; ( 0 d, 00 h, 00 m, 07 s )
     wall time              : 2.60 sec; 0.00 hrs; ( 0 d, 00 h, 00 m, 03 s )
     CPU load               : 283.90 %
     CPU time  (cumulative) : 7.44 sec; 0.00 hrs; ( 0 d, 00 h, 00 m, 07 s )
     wall time (cumulative) : 2.60 sec; 0.00 hrs; ( 0 d, 00 h, 00 m, 03 s )
     CPU load  (cumulative) : 283.90 %

================================================================================
= EXCITING OXYGEN stopped for task    301                                      =
================================================================================


================================================================================
| EXCITING OXYGEN started for task writepmatxs (320)                           =
| Date (DD-MM-YYYY) : 05-04-2023                                               =
================================================================================
Info(writepmatxs): Momentum matrix elements finished
Info(xsfinit): task Nr.     320 stopped gracefully

 Timings: 
     Date (DD-MM-YYYY)      : 05-04-2023
     Time (hh:mm:ss)        : 19:04:46
     CPU time               : 3.54 sec; 0.00 hrs; ( 0 d, 00 h, 00 m, 04 s )
     wall time              : 1.28 sec; 0.00 hrs; ( 0 d, 00 h, 00 m, 01 s )
     CPU load               : 277.70 %
     CPU time  (cumulative) : 10.99 sec; 0.00 hrs; ( 0 d, 00 h, 00 m, 11 s )
     wall time (cumulative) : 3.88 sec; 0.00 hrs; ( 0 d, 00 h, 00 m, 04 s )
     CPU load  (cumulative) : 277.70 %

================================================================================
= EXCITING OXYGEN stopped for task    320                                      =
================================================================================


================================================================================
| EXCITING OXYGEN started for task scrgeneigvec (401)                          =
| Date (DD-MM-YYYY) : 05-04-2023                                               =
================================================================================

Info(xsinit): mapping screening-specific parameters

================================================================================
One-shot GS runs for BSE calculations
================================================================================
++++++++++++++++++++++++++++++++++++++++++++++++++++++++++++++++++++++++++++++++
One-shot GS runs for k+qmt/2 grids
++++++++++++++++++++++++++++++++++++++++++++++++++++++++++++++++++++++++++++++++
Info(xsgeneigvec): Generating eigenvectors for Q-point      1
Using screening GS parameters.
--------------------------------------------------------------------------------
Info(xsgeneigvec): Generation of eigenvectors finished

Info(xsfinit): task Nr.     401 stopped gracefully

 Timings: 
     Date (DD-MM-YYYY)      : 05-04-2023
     Time (hh:mm:ss)        : 19:04:50
     CPU time               : 12.20 sec; 0.00 hrs; ( 0 d, 00 h, 00 m, 12 s )
     wall time              : 3.40 sec; 0.00 hrs; ( 0 d, 00 h, 00 m, 03 s )
     CPU load               : 359.09 %
     CPU time  (cumulative) : 23.19 sec; 0.01 hrs; ( 0 d, 00 h, 00 m, 23 s )
     wall time (cumulative) : 7.28 sec; 0.00 hrs; ( 0 d, 00 h, 00 m, 07 s )
     CPU load  (cumulative) : 359.09 %

================================================================================
= EXCITING OXYGEN stopped for task    401                                      =
================================================================================


================================================================================
| EXCITING OXYGEN started for task scrwritepmat (420)                          =
| Date (DD-MM-YYYY) : 05-04-2023                                               =
================================================================================

Info(xsinit): mapping screening-specific parameters

Info(writepmatxs): Momentum matrix elements finished
Info(scrwritepmat): Momentum matrix elements for screening finished
Info(xsfinit): task Nr.     420 stopped gracefully

 Timings: 
     Date (DD-MM-YYYY)      : 05-04-2023
     Time (hh:mm:ss)        : 19:04:56
     CPU time               : 24.98 sec; 0.01 hrs; ( 0 d, 00 h, 00 m, 25 s )
     wall time              : 6.65 sec; 0.00 hrs; ( 0 d, 00 h, 00 m, 07 s )
     CPU load               : 375.79 %
     CPU time  (cumulative) : 48.17 sec; 0.01 hrs; ( 0 d, 00 h, 00 m, 48 s )
     wall time (cumulative) : 13.93 sec; 0.00 hrs; ( 0 d, 00 h, 00 m, 14 s )
     CPU load  (cumulative) : 375.79 %

================================================================================
= EXCITING OXYGEN stopped for task    420                                      =
================================================================================


================================================================================
| EXCITING OXYGEN started for task screen (430)                                =
| Date (DD-MM-YYYY) : 05-04-2023                                               =
================================================================================

Info(xsinit): mapping screening-specific parameters

++++++++++++++++++++++++++++++++++++++++++++++++++++++++++++++++++++++++++++++++
Info(screenlauncher): Calculating screening for unshifted q-grid.
Info(screenlauncher): Number of q points:       4
++++++++++++++++++++++++++++++++++++++++++++++++++++++++++++++++++++++++++++++++

Info(screenlauncher): lowest (partially)  unoccupied state:      6
Info(screenlauncher): highest (partially) occupied state  :      5
Info(screenlauncher): number of occupied states considered:    5
Info(screenlauncher): number of unoccupied states considered:  116
--------------------------------------------------------------------------------

Info(screenlauncher): Starting loop over q-points

++++++++++++++++++++++++++++++++++++++++++++++++++++++++++++++++++++++++++++++++
Info(screenlauncher): Screening for unshifted q-grid finished
++++++++++++++++++++++++++++++++++++++++++++++++++++++++++++++++++++++++++++++++

Info(screenlauncher): Screening finished
Info(xsfinit): task Nr.     430 stopped gracefully

 Timings: 
     Date (DD-MM-YYYY)      : 05-04-2023
     Time (hh:mm:ss)        : 19:05:16
     CPU time               : 56.33 sec; 0.02 hrs; ( 0 d, 00 h, 00 m, 56 s )
     wall time              : 19.77 sec; 0.01 hrs; ( 0 d, 00 h, 00 m, 20 s )
     CPU load               : 284.96 %
     CPU time  (cumulative) : 104.50 sec; 0.03 hrs; ( 0 d, 00 h, 01 m, 45 s )
     wall time (cumulative) : 33.69 sec; 0.01 hrs; ( 0 d, 00 h, 00 m, 34 s )
     CPU load  (cumulative) : 284.96 %

================================================================================
= EXCITING OXYGEN stopped for task    430                                      =
================================================================================


================================================================================
| EXCITING OXYGEN started for task phonon_screening (431)                      =
| Date (DD-MM-YYYY) : 05-04-2023                                               =
================================================================================

Info(xsinit): mapping screening-specific parameters

Info(xsfinit): task Nr.     431 stopped gracefully

 Timings: 
     Date (DD-MM-YYYY)      : 05-04-2023
     Time (hh:mm:ss)        : 19:05:16
     CPU time               : 0.66 sec; 0.00 hrs; ( 0 d, 00 h, 00 m, 01 s )
     wall time              : 0.33 sec; 0.00 hrs; ( 0 d, 00 h, 00 m, 00 s )
     CPU load               : 198.62 %
     CPU time  (cumulative) : 105.16 sec; 0.03 hrs; ( 0 d, 00 h, 01 m, 45 s )
     wall time (cumulative) : 34.02 sec; 0.01 hrs; ( 0 d, 00 h, 00 m, 34 s )
     CPU load  (cumulative) : 198.62 %

================================================================================
= EXCITING OXYGEN stopped for task    431                                      =
================================================================================


================================================================================
| EXCITING OXYGEN started for task scrcoulint (440)                            =
| Date (DD-MM-YYYY) : 05-04-2023                                               =
================================================================================

Info(xsinit): mapping BSE-specific parameters

++++++++++++++++++++++++++++++++++++++++++++++++++++++++++++++++++++++++++++++++
Info(scrcoulintlauncher): Setting up screened Coulomb interaction matrix W.
Info(scrcoulintlauncher): Using momentum transfer vectors from list :   1 to  1
++++++++++++++++++++++++++++++++++++++++++++++++++++++++++++++++++++++++++++++++

++++++++++++++++++++++++++++++++++++++++++++++++++++++++++++++++++++++++++++++++
Info(scrcoulintlauncher): Calculating screened Coulomb interaction matrix W
Info(scrcoulintlauncher): Momentum transfer list index: iqmt=  1
Info(scrcoulintlauncher): Momentum transfer: vqmtl=   0.000   0.000   0.000
++++++++++++++++++++++++++++++++++++++++++++++++++++++++++++++++++++++++++++++++

Info(scrcoulintlauncher): Calculating RR block of W

--------------------------------------------------------------------------------
Info(scrcoulint): Inspecting occupations...
Info(setranges_modxs): Determining k+qmt/2 grid
Info(setranges_modxs): Determining k-qmt/2 grid
Info(setranges_modxs): Number of non-reduced k-points:       27
Info(setranges_modxs): Number of states considered:        7
Info(setranges_modxs): Number of (partially) occupied states:        5
Info(setranges_modxs): Highest (partially) occupied states:        5
Info(setranges_modxs): Number of (partially) unoccupied states:        2
Info(setranges_modxs): Lowest (partially) unoccupied states:        6
--------------------------------------------------------------------------------
Info(scrcoulint): Selecting transitions...
Info(select_transitions): Inspecting transitions in the  band interval:
  lowest occupied state:   1
  highest occupied state:   5
  lowest unoccupied state:   6
  highest unoccupied state:   7
  Opening gap with a scissor of:      0.209/H      5.700/eV
Info(select_transitions): Number of participating transitions:     270
--------------------------------------------------------------------------------
Info(scrcoulint): Size of file SCCLI will be about     0.000563 GB
Info(scrcoulint): Using q-grid
Info(scrcoulint): Number of reduced q-points:      4
Info(scrcoulint): Number of non-reduced q-points:     27

Info(scrcoulint): Calculating W(G1,G2,qr) fourier coefficients
Info(scrcoulint): Calculating W matrix elements
++++++++++++++++++++++++++++++++++++++++++++++++++++++++++++++++++++++++++++++++
Info(scrcoulintlauncher): Screened coulomb interaction finished for iqmt=   1
++++++++++++++++++++++++++++++++++++++++++++++++++++++++++++++++++++++++++++++++
Info(xsfinit): task Nr.     440 stopped gracefully

 Timings: 
     Date (DD-MM-YYYY)      : 05-04-2023
     Time (hh:mm:ss)        : 19:05:21
     CPU time               : 5.59 sec; 0.00 hrs; ( 0 d, 00 h, 00 m, 06 s )
     wall time              : 4.43 sec; 0.00 hrs; ( 0 d, 00 h, 00 m, 04 s )
     CPU load               : 126.27 %
     CPU time  (cumulative) : 110.76 sec; 0.03 hrs; ( 0 d, 00 h, 01 m, 51 s )
     wall time (cumulative) : 38.45 sec; 0.01 hrs; ( 0 d, 00 h, 00 m, 38 s )
     CPU load  (cumulative) : 126.27 %

================================================================================
= EXCITING OXYGEN stopped for task    440                                      =
================================================================================


================================================================================
| EXCITING OXYGEN started for task exccoulint (441)                            =
| Date (DD-MM-YYYY) : 05-04-2023                                               =
================================================================================

Info(xsinit): mapping BSE-specific parameters

++++++++++++++++++++++++++++++++++++++++++++++++++++++++++++++++++++++++++++++++
Info(exccoulintlauncher): Setting up exchange interaction matrix V.
Info(exccoulintlauncher): Using momentum transfer vectors from list :   1 to  1
++++++++++++++++++++++++++++++++++++++++++++++++++++++++++++++++++++++++++++++++

++++++++++++++++++++++++++++++++++++++++++++++++++++++++++++++++++++++++++++++++
Info(exccoulintlauncher):Calculating exchange interaction matrix V
Info(exccoulintlauncher): Momentum transfer list index: iqmt=  1
Info(exccoulintlauncher): Momentum transfer: vqmtl=   0.000   0.000   0.000
++++++++++++++++++++++++++++++++++++++++++++++++++++++++++++++++++++++++++++++++

Info(exccoulintlauncher): Calculating RR block of V

--------------------------------------------------------------------------------
Info(exccoulint): Inspecting occupations...
Info(setranges_modxs): Determining k+qmt/2 grid
Info(setranges_modxs): Determining k-qmt/2 grid
Info(setranges_modxs): Number of non-reduced k-points:       27
Info(setranges_modxs): Number of states considered:        7
Info(setranges_modxs): Number of (partially) occupied states:        5
Info(setranges_modxs): Highest (partially) occupied states:        5
Info(setranges_modxs): Number of (partially) unoccupied states:        2
Info(setranges_modxs): Lowest (partially) unoccupied states:        6
--------------------------------------------------------------------------------
Info(exccoulint): Selecting transitions...
Info(select_transitions): Inspecting transitions in the  band interval:
  lowest occupied state:   1
  highest occupied state:   5
  lowest unoccupied state:   6
  highest unoccupied state:   7
  Opening gap with a scissor of:      0.209/H      5.700/eV
Info(select_transitions): Number of participating transitions:     270
--------------------------------------------------------------------------------
Info(exccoulint): Size of file EXCLI will be about     0.000563 GB

Info(exccoulint): Generating plane wave matrix elements for momentum transfer iqmt=   1
  Timing (in seconds)	   :       0.109

Info(exccoulint): Generating V matrix elements
Info(exccoulint): Zeroing Coulomb potential at G+qmt index:  1
++++++++++++++++++++++++++++++++++++++++++++++++++++++++++++++++++++++++++++++++
Info(exccoulintlauncher): Exchange interaction finished for iqmt=   1
++++++++++++++++++++++++++++++++++++++++++++++++++++++++++++++++++++++++++++++++
Info(xsfinit): task Nr.     441 stopped gracefully

 Timings: 
     Date (DD-MM-YYYY)      : 05-04-2023
     Time (hh:mm:ss)        : 19:05:21
     CPU time               : 0.79 sec; 0.00 hrs; ( 0 d, 00 h, 00 m, 01 s )
     wall time              : 0.48 sec; 0.00 hrs; ( 0 d, 00 h, 00 m, 00 s )
     CPU load               : 163.90 %
     CPU time  (cumulative) : 111.55 sec; 0.03 hrs; ( 0 d, 00 h, 01 m, 52 s )
     wall time (cumulative) : 38.94 sec; 0.01 hrs; ( 0 d, 00 h, 00 m, 39 s )
     CPU load  (cumulative) : 163.90 %

================================================================================
= EXCITING OXYGEN stopped for task    441                                      =
================================================================================


================================================================================
| EXCITING OXYGEN started for task bse (445)                                   =
| Date (DD-MM-YYYY) : 05-04-2023                                               =
================================================================================

Info(xsinit): mapping BSE-specific parameters

Info(bselauncher): Init time:    0.303116
++++++++++++++++++++++++++++++++++++++++++++++++++++++++++++++++++++++++++++++++
Info(bselauncher): Setting up and diagonalizing BSE Hamiltonian.
Info(bselauncher): Using momentum transfer vectors from list :   1 to  1
++++++++++++++++++++++++++++++++++++++++++++++++++++++++++++++++++++++++++++++++
Info(bselauncher): Serial execution
++++++++++++++++++++++++++++++++++++++++++++++++++++++++++++++++++++++++++++++++
--------------------------------------------------------------------------------
Info(bselauncher): Momentum transfer list index: iqmt=  1
Info(bselauncher): Momentum transfer: vqmtl=   0.000   0.000   0.000
--------------------------------------------------------------------------------
--------------------------------------------------------------------------------
Info(bse): Inspecting occupations...
Info(setranges_modxs): Determining k+qmt/2 grid
Info(setranges_modxs): Determining k-qmt/2 grid
Info(setranges_modxs): Number of non-reduced k-points:       27
Info(setranges_modxs): Number of states considered:        7
Info(setranges_modxs): Number of (partially) occupied states:        5
Info(setranges_modxs): Highest (partially) occupied states:        5
Info(setranges_modxs): Number of (partially) unoccupied states:        2
Info(setranges_modxs): Lowest (partially) unoccupied states:        6
Info(select_transitions): Inspecting transitions in the  band interval:
  lowest occupied state:   1
  highest occupied state:   5
  lowest unoccupied state:   6
  highest unoccupied state:   7
  Opening gap with a scissor of:      0.209/H      5.700/eV
Info(select_transitions): Number of participating transitions:     270
--------------------------------------------------------------------------------
Info(bse): Selecting transitions...
--------------------------------------------------------------------------------

Info(bse):bsegap (eV):    15.0330371799504388
Info(bse): Assembling BSE matrix
  RR/RA blocks of global BSE-Hamiltonian:
  Size of the Hamiltonian:     270
  Number of k-points:      27
  Distributing matrix to   1 processes
  Local matrix shape    270 x   270
Info(bse): max local RAM needed for BSE matrices ~     0.001086 GB

--------------------------------------------------------------------------------
Info(setup_bse_block): Setting up RR part of hamiltonian
Info(setup_bse_block): Singlet spin state
 Hamiltonian constructed.
All processes build their local matrix
Info(bse): Diagonalizing RR Hamiltonian (TDA)
Info(bse): Invoking Lapack routine ZHEEVR
       270 eigen solutions found in the interval:
         i1=       1 i2=     270

--------------------------------------------------------------------------------
Info(makeoscistr_dist): Making oscillator strengths (distributed).
Info(makeoscistr_dist): iqmt=   1
Info(makeoscistr_dist): Qmt=       0.000000       0.000000       0.000000
Info(makeoscistr_dist): Using zero momentum transfer formalismus.
Info(makeoscistr_dist): Making oscillator strengths using dipole operator matrix elements.
  Building Dipole matrix.
  Building distributed resonant oscillator strengths.

--------------------------------------------------------------------------------
Info(bse): Writing excition energies and oscillator strengths to text file.
Info(makespectrum_dist): Making spectrum using formula for coupling with time reversed AR basis.
Info(makespectrum_dist): Using formalism for vanishing momentum transfer.
Info(finalizespectrum): Finalizing spectrum.
Info(finalizespectrum): Using modified density-response function to build spectrum.
Info(writederived): Writing quantities derived from the macroscopic dielectric function.
  Derived quantities written.
--------------------------------------------------------------------------------
Info(bselauncher): Spectrum finished for iqmt=  1
--------------------------------------------------------------------------------
Info(xsfinit): task Nr.     445 stopped gracefully

 Timings: 
     Date (DD-MM-YYYY)      : 05-04-2023
     Time (hh:mm:ss)        : 19:05:22
     CPU time               : 0.94 sec; 0.00 hrs; ( 0 d, 00 h, 00 m, 01 s )
     wall time              : 0.42 sec; 0.00 hrs; ( 0 d, 00 h, 00 m, 00 s )
     CPU load               : 222.93 %
     CPU time  (cumulative) : 112.49 sec; 0.03 hrs; ( 0 d, 00 h, 01 m, 52 s )
     wall time (cumulative) : 39.36 sec; 0.01 hrs; ( 0 d, 00 h, 00 m, 39 s )
     CPU load  (cumulative) : 222.93 %

================================================================================
= EXCITING OXYGEN stopped for task    445                                      =
================================================================================


